Component: ARM Compiler 5.06 update 6 (build 750) Tool: armlink [4d35ed]

==============================================================================

Section Cross References

    startup_stm32f10x_md.o(STACK) refers (Special) to heapauxi.o(.text) for __use_two_region_memory
    startup_stm32f10x_md.o(HEAP) refers (Special) to heapauxi.o(.text) for __use_two_region_memory
    startup_stm32f10x_md.o(RESET) refers (Special) to heapauxi.o(.text) for __use_two_region_memory
    startup_stm32f10x_md.o(RESET) refers to startup_stm32f10x_md.o(STACK) for __initial_sp
    startup_stm32f10x_md.o(RESET) refers to startup_stm32f10x_md.o(.text) for Reset_Handler
    startup_stm32f10x_md.o(RESET) refers to encoder.o(.text) for TIM2_IRQHandler
    startup_stm32f10x_md.o(RESET) refers to usartx.o(.text) for USART2_IRQHandler
    startup_stm32f10x_md.o(RESET) refers to control.o(.text) for EXTI15_10_IRQHandler
    startup_stm32f10x_md.o(.text) refers (Special) to heapauxi.o(.text) for __use_two_region_memory
    startup_stm32f10x_md.o(.text) refers to __main.o(!!!main) for __main
    startup_stm32f10x_md.o(.text) refers to startup_stm32f10x_md.o(HEAP) for Heap_Mem
    startup_stm32f10x_md.o(.text) refers to startup_stm32f10x_md.o(STACK) for Stack_Mem
    bibot.o(.text) refers to sys.o(.text) for Stm32_Clock_Init
    bibot.o(.text) refers to delay.o(.text) for delay_init
    bibot.o(.text) refers to motor.o(.text) for MiniBalance_PWM_Init
    bibot.o(.text) refers to led.o(.text) for LED_Init
    bibot.o(.text) refers to key.o(.text) for KEY_Init
    bibot.o(.text) refers to oled.o(.text) for OLED_Init
    bibot.o(.text) refers to usart.o(.text) for uart_init
    bibot.o(.text) refers to usartx.o(.text) for uart2_init
    bibot.o(.text) refers to encoder.o(.text) for Encoder_Init_TIM2
    bibot.o(.text) refers to adc.o(.text) for Adc_Init
    bibot.o(.text) refers to iic.o(.text) for IIC_Init
    bibot.o(.text) refers to mpu6050.o(.text) for MPU6050_initialize
    bibot.o(.text) refers to exti.o(.text) for EXTI_Init
    bibot.o(.text) refers to show.o(.text) for APP_Show
    bibot.o(.text) refers to bibot.o(.data) for Flag_Show
    delay.o(.text) refers to delay.o(.data) for fac_us
    sys.o(.text) refers to sys.o(.emb_text) for WFI_SET
    usart.o(.text) refers (Special) to use_no_semi_2.o(.text) for __use_no_semihosting
    usart.o(.text) refers to fflt_clz.o(x$fpl$ffltu) for __aeabi_ui2f
    usart.o(.text) refers to fdiv.o(x$fpl$fdiv) for __aeabi_fdiv
    usart.o(.text) refers to ffixu.o(x$fpl$ffixu) for __aeabi_f2uiz
    usart.o(.text) refers to faddsub_clz.o(x$fpl$frsb) for __aeabi_frsub
    usart.o(.text) refers to fmul.o(x$fpl$fmul) for __aeabi_fmul
    usart.o(.text) refers to bibot.o(.data) for Flag_Show
    usart.o(.data) refers (Special) to use_no_semi_2.o(.text) for __use_no_semihosting
    key.o(.text) refers to key.o(.data) for Forever_count
    oled.o(.text) refers to delay.o(.text) for delay_ms
    oled.o(.text) refers to oled.o(.bss) for OLED_GRAM
    oled.o(.text) refers to oled.o(.constdata) for oled_asc2_1206
    encoder.o(.text) refers to sys.o(.text) for MY_NVIC_Init
    exti.o(.text) refers to sys.o(.text) for Ex_NVIC_Config
    mpu6050.o(.text) refers to inv_mpu.o(.text) for mpu_run_self_test
    mpu6050.o(.text) refers to fflt_clz.o(x$fpl$fflt) for __aeabi_i2f
    mpu6050.o(.text) refers to fmul.o(x$fpl$fmul) for __aeabi_fmul
    mpu6050.o(.text) refers to ffix.o(x$fpl$ffix) for __aeabi_f2iz
    mpu6050.o(.text) refers to inv_mpu_dmp_motion_driver.o(.text) for dmp_set_gyro_bias
    mpu6050.o(.text) refers to noretval__2printf.o(.text) for __2printf
    mpu6050.o(.text) refers to iic.o(.text) for IICwriteBits
    mpu6050.o(.text) refers to fdiv.o(x$fpl$fdiv) for __aeabi_fdiv
    mpu6050.o(.text) refers to mpu6050.o(.bss) for MPU6050_FIFO
    mpu6050.o(.text) refers to bibot.o(.data) for Flag_Show
    mpu6050.o(.text) refers to mpu6050.o(.data) for gyro_orientation
    mpu6050.o(.text) refers to faddsub_clz.o(x$fpl$fadd) for __aeabi_fadd
    mpu6050.o(.text) refers to f2d.o(x$fpl$f2d) for __aeabi_f2d
    mpu6050.o(.text) refers to asin.o(i.asin) for asin
    mpu6050.o(.text) refers to dmul.o(x$fpl$dmul) for __aeabi_dmul
    mpu6050.o(.text) refers to d2f.o(x$fpl$d2f) for __aeabi_d2f
    mpu6050.o(.text) refers to faddsub_clz.o(x$fpl$fsub) for __aeabi_fsub
    mpu6050.o(.text) refers to atan2.o(i.atan2) for atan2
    mpu6050.o(.text) refers to frleqf.o(x$fpl$frleqf) for __aeabi_cfrcmple
    mpu6050.o(.text) refers to daddsub_clz.o(x$fpl$dadd) for __aeabi_dadd
    led.o(.text) refers to led.o(.data) for temp
    control.o(.text) refers to fflt_clz.o(x$fpl$fflt) for __aeabi_i2f
    control.o(.text) refers to faddsub_clz.o(x$fpl$fsub) for __aeabi_fsub
    control.o(.text) refers to ffixu.o(x$fpl$ffixu) for __aeabi_f2uiz
    control.o(.text) refers to frleqf.o(x$fpl$frleqf) for __aeabi_cfrcmple
    control.o(.text) refers to faddsub_clz.o(x$fpl$fadd) for __aeabi_fadd
[...]
    .ARM.Collect$$libshutdown$$0000000C      0x08000170   Section        0  libshutdown2.o(.ARM.Collect$$libshutdown$$0000000C)
    .ARM.Collect$$libshutdown$$0000000F      0x08000170   Section        0  libshutdown2.o(.ARM.Collect$$libshutdown$$0000000F)
    .ARM.Collect$$libshutdown$$00000010      0x08000170   Section        2  libshutdown2.o(.ARM.Collect$$libshutdown$$00000010)
    .ARM.Collect$$rtentry$$00000000          0x08000172   Section        0  __rtentry.o(.ARM.Collect$$rtentry$$00000000)
    .ARM.Collect$$rtentry$$00000002          0x08000172   Section        0  __rtentry2.o(.ARM.Collect$$rtentry$$00000002)
    .ARM.Collect$$rtentry$$00000004          0x08000172   Section        6  __rtentry4.o(.ARM.Collect$$rtentry$$00000004)
    .ARM.Collect$$rtentry$$00000009          0x08000178   Section        0  __rtentry2.o(.ARM.Collect$$rtentry$$00000009)
    .ARM.Collect$$rtentry$$0000000A          0x08000178   Section        4  __rtentry2.o(.ARM.Collect$$rtentry$$0000000A)
    .ARM.Collect$$rtentry$$0000000C          0x0800017c   Section        0  __rtentry2.o(.ARM.Collect$$rtentry$$0000000C)
    .ARM.Collect$$rtentry$$0000000D          0x0800017c   Section        8  __rtentry2.o(.ARM.Collect$$rtentry$$0000000D)
    .ARM.Collect$$rtexit$$00000000           0x08000184   Section        2  rtexit.o(.ARM.Collect$$rtexit$$00000000)
    .ARM.Collect$$rtexit$$00000002           0x08000186   Section        0  rtexit2.o(.ARM.Collect$$rtexit$$00000002)
    .ARM.Collect$$rtexit$$00000003           0x08000186   Section        4  rtexit2.o(.ARM.Collect$$rtexit$$00000003)
    .ARM.Collect$$rtexit$$00000004           0x0800018a   Section        6  rtexit2.o(.ARM.Collect$$rtexit$$00000004)
    .emb_text                                0x08000190   Section       12  sys.o(.emb_text)
    .text                                    0x0800019c   Section       56  startup_stm32f10x_md.o(.text)
    .text                                    0x080001d4   Section        0  bibot.o(.text)
    .text                                    0x08000270   Section        0  delay.o(.text)
    .text                                    0x08000320   Section        0  sys.o(.text)
    .text                                    0x080005dc   Section        0  usart.o(.text)
    .text                                    0x080006fc   Section        0  key.o(.text)
    .text                                    0x08000884   Section        0  oled.o(.text)
    .text                                    0x08000cc8   Section        0  motor.o(.text)
    .text                                    0x08000e80   Section        0  encoder.o(.text)
    .text                                    0x0800109c   Section        0  exti.o(.text)
    .text                                    0x080010f0   Section        0  mpu6050.o(.text)
    inv_row_2_scale                          0x080010f1   Thumb Code    78  mpu6050.o(.text)
    inv_orientation_matrix_to_scalar         0x0800113f   Thumb Code    40  mpu6050.o(.text)
    run_self_test                            0x08001167   Thumb Code   150  mpu6050.o(.text)
    .text                                    0x080019dc   Section        0  led.o(.text)
    .text                                    0x08001a50   Section        0  control.o(.text)
    .text                                    0x08002310   Section        0  inv_mpu.o(.text)
    set_int_enable                           0x08002311   Thumb Code   138  inv_mpu.o(.text)
    get_accel_prod_shift                     0x08003559   Thumb Code   168  inv_mpu.o(.text)
    accel_self_test                          0x08003601   Thumb Code   164  inv_mpu.o(.text)
    gyro_self_test                           0x080036a5   Thumb Code   280  inv_mpu.o(.text)
    get_st_biases                            0x080037bd   Thumb Code  1136  inv_mpu.o(.text)
    .text                                    0x080041a0   Section        0  inv_mpu_dmp_motion_driver.o(.text)
    decode_gesture                           0x08004c55   Thumb Code    94  inv_mpu_dmp_motion_driver.o(.text)
    .text                                    0x08004f10   Section        0  show.o(.text)
    .text                                    0x08005434   Section        0  datascope_dp.o(.text)
    .text                                    0x08005588   Section        0  usartx.o(.text)
    .text                                    0x08005874   Section        0  adc.o(.text)
    .text                                    0x08005a50   Section        0  iic.o(.text)
    .text                                    0x08005f5a   Section        2  use_no_semi_2.o(.text)
    .text                                    0x08005f5c   Section       72  llsdiv.o(.text)
    .text                                    0x08005fa4   Section        0  noretval__2printf.o(.text)
    .text                                    0x08005fbc   Section        0  __printf.o(.text)
    .text                                    0x08006024   Section        0  _printf_dec.o(.text)
    .text                                    0x0800609c   Section        0  memcmp.o(.text)
    .text                                    0x080060f4   Section       16  aeabi_memset.o(.text)
    .text                                    0x08006104   Section       68  rt_memclr.o(.text)
    .text                                    0x08006148   Section        0  heapauxi.o(.text)
    .text                                    0x0800614e   Section        2  use_no_semi.o(.text)
    .text                                    0x08006150   Section      238  lludivv7m.o(.text)
    .text                                    0x0800623e   Section        0  _rserrno.o(.text)
    .text                                    0x08006254   Section        0  _printf_intcommon.o(.text)
    .text                                    0x08006308   Section        0  _printf_char_file.o(.text)
    .text                                    0x0800632c   Section       78  rt_memclr_w.o(.text)
    .text                                    0x0800637c   Section        8  rt_errno_addr_intlibspace.o(.text)
    .text                                    0x08006384   Section        0  _printf_char_common.o(.text)
    _printf_input_char                       0x08006385   Thumb Code    10  _printf_char_common.o(.text)
    .text                                    0x080063b4   Section        0  ferror.o(.text)
    .text                                    0x080063bc   Section        8  libspace.o(.text)
    .text                                    0x080063c4   Section       74  sys_stackheap_outer.o(.text)
    .text                                    0x0800640e   Section        0  exit.o(.text)
    i.__ARM_fpclassify                       0x08006420   Section        0  fpclassify.o(i.__ARM_fpclassify)
    i.__kernel_poly                          0x08006448   Section        0  poly.o(i.__kernel_poly)
    i.__mathlib_dbl_divzero                  0x080064f4   Section        0  dunder.o(i.__mathlib_dbl_divzero)
    i.__mathlib_dbl_infnan                   0x08006504   Section        0  dunder.o(i.__mathlib_dbl_infnan)
    i.__mathlib_dbl_infnan2                  0x0800650a   Section        0  dunder.o(i.__mathlib_dbl_infnan2)
    i.__mathlib_dbl_invalid                  0x0800650e   Section        0  dunder.o(i.__mathlib_dbl_invalid)
    i.__mathlib_dbl_overflow                 0x0800651a   Section        0  dunder.o(i.__mathlib_dbl_overflow)
    i.__mathlib_dbl_underflow                0x08006528   Section        0  dunder.o(i.__mathlib_dbl_underflow)
    i.asin                                   0x08006538   Section        0  asin.o(i.asin)
    i.atan                                   0x080067a8   Section        0  atan.o(i.atan)
    i.atan2                                  0x080069c8   Section        0  atan2.o(i.atan2)
    i.pow                                    0x08006b48   Section        0  pow.o(i.pow)
    i.sqrt                                   0x08007520   Section        0  sqrt.o(i.sqrt)
    x$fpl$d2f                                0x0800756c   Section       98  d2f.o(x$fpl$d2f)
    x$fpl$dadd                               0x080075d0   Section      336  daddsub_clz.o(x$fpl$dadd)
    _dadd1                                   0x080075e1   Thumb Code     0  daddsub_clz.o(x$fpl$dadd)
    x$fpl$dcheck1                            0x08007720   Section       16  dcheck1.o(x$fpl$dcheck1)
    x$fpl$dcmpinf                            0x08007730   Section       24  dcmpi.o(x$fpl$dcmpinf)
    x$fpl$ddiv                               0x08007748   Section      688  ddiv.o(x$fpl$ddiv)
    ddiv_entry                               0x0800774f   Thumb Code     0  ddiv.o(x$fpl$ddiv)
    x$fpl$dfix                               0x080079f8   Section       94  dfix.o(x$fpl$dfix)
    x$fpl$dflt                               0x08007a56   Section       46  dflt_clz.o(x$fpl$dflt)
    x$fpl$dfltu                              0x08007a84   Section       38  dflt_clz.o(x$fpl$dfltu)
    x$fpl$dleqf                              0x08007aac   Section      120  dleqf.o(x$fpl$dleqf)
    x$fpl$dmul                               0x08007b24   Section      340  dmul.o(x$fpl$dmul)
    x$fpl$dnaninf                            0x08007c78   Section      156  dnaninf.o(x$fpl$dnaninf)
    x$fpl$dretinf                            0x08007d14   Section       12  dretinf.o(x$fpl$dretinf)
    x$fpl$drleqf                             0x08007d20   Section      108  drleqf.o(x$fpl$drleqf)
    x$fpl$drsb                               0x08007d8c   Section       22  daddsub_clz.o(x$fpl$drsb)
    x$fpl$dsqrt                              0x08007da4   Section      460  dsqrt_noumaal.o(x$fpl$dsqrt)
    x$fpl$dsub                               0x08007f70   Section      468  daddsub_clz.o(x$fpl$dsub)
    _dsub1                                   0x08007f81   Thumb Code     0  daddsub_clz.o(x$fpl$dsub)
    x$fpl$f2d                                0x08008144   Section       86  f2d.o(x$fpl$f2d)
    x$fpl$fadd                               0x0800819c   Section      196  faddsub_clz.o(x$fpl$fadd)
    _fadd1                                   0x080081ab   Thumb Code     0  faddsub_clz.o(x$fpl$fadd)
    x$fpl$fcmpinf                            0x08008260   Section       24  fcmpi.o(x$fpl$fcmpinf)
    x$fpl$fdiv                               0x08008278   Section      388  fdiv.o(x$fpl$fdiv)
    _fdiv1                                   0x08008279   Thumb Code     0  fdiv.o(x$fpl$fdiv)
    x$fpl$feqf                               0x080083fc   Section      104  feqf.o(x$fpl$feqf)
    x$fpl$ffix                               0x08008464   Section       54  ffix.o(x$fpl$ffix)
    x$fpl$ffixu                              0x0800849c   Section       62  ffixu.o(x$fpl$ffixu)
    x$fpl$fflt                               0x080084dc   Section       48  fflt_clz.o(x$fpl$fflt)
    x$fpl$ffltu                              0x0800850c   Section       38  fflt_clz.o(x$fpl$ffltu)
    x$fpl$fleqf                              0x08008534   Section      104  fleqf.o(x$fpl$fleqf)
    x$fpl$fmul                               0x0800859c   Section      258  fmul.o(x$fpl$fmul)
    x$fpl$fnaninf                            0x0800869e   Section      140  fnaninf.o(x$fpl$fnaninf)
    x$fpl$fretinf                            0x0800872a   Section       10  fretinf.o(x$fpl$fretinf)
    x$fpl$frleqf                             0x08008734   Section       98  frleqf.o(x$fpl$frleqf)
    x$fpl$frsb                               0x08008796   Section       20  faddsub_clz.o(x$fpl$frsb)
    x$fpl$fsub                               0x080087ac   Section      234  faddsub_clz.o(x$fpl$fsub)
    _fsub1                                   0x080087bb   Thumb Code     0  faddsub_clz.o(x$fpl$fsub)
    x$fpl$retnan                             0x08008896   Section      100  retnan.o(x$fpl$retnan)
    x$fpl$scalbn                             0x080088fa   Section       92  scalbn.o(x$fpl$scalbn)
    x$fpl$trapveneer                         0x08008956   Section       48  trapv.o(x$fpl$trapveneer)
    .constdata                               0x08008986   Section     2660  oled.o(.constdata)
    x$fpl$usenofp                            0x08008986   Section        0  usenofp.o(x$fpl$usenofp)
    .constdata                               0x080093ec   Section       80  inv_mpu.o(.constdata)
    .constdata                               0x0800943c   Section     3062  inv_mpu_dmp_motion_driver.o(.constdata)
    dmp_memory                               0x0800943c   Data        3062  inv_mpu_dmp_motion_driver.o(.constdata)
    .constdata                               0x0800a038   Section       80  asin.o(.constdata)
    pS                                       0x0800a038   Data          48  asin.o(.constdata)
    qS                                       0x0800a068   Data          32  asin.o(.constdata)
    .constdata                               0x0800a088   Section      136  pow.o(.constdata)
    bp                                       0x0800a088   Data          16  pow.o(.constdata)
    dp_h                                     0x0800a098   Data          16  pow.o(.constdata)
    dp_l                                     0x0800a0a8   Data          16  pow.o(.constdata)
    L                                        0x0800a0b8   Data          48  pow.o(.constdata)
    P                                        0x0800a0e8   Data          40  pow.o(.constdata)
    .constdata                               0x0800a110   Section      152  atan.o(.constdata)
    atanhi                                   0x0800a110   Data          32  atan.o(.constdata)
    atanlo                                   0x0800a130   Data          32  atan.o(.constdata)
    aTodd                                    0x0800a150   Data          40  atan.o(.constdata)
    aTeven                                   0x0800a178   Data          48  atan.o(.constdata)
    .constdata                               0x0800a1a8   Section        8  qnan.o(.constdata)
    .conststring                             0x0800a1b0   Section       78  inv_mpu.o(.conststring)
    .data                                    0x20000000   Section       76  bibot.o(.data)
    .data                                    0x2000004c   Section        4  delay.o(.data)
    fac_us                                   0x2000004c   Data           1  delay.o(.data)
    fac_ms                                   0x2000004e   Data           2  delay.o(.data)
    .data                                    0x20000050   Section        4  usart.o(.data)
    .data                                    0x20000054   Section       14  key.o(.data)
    flag_key                                 0x20000054   Data           1  key.o(.data)
    count_key                                0x20000055   Data           1  key.o(.data)
    double_key                               0x20000056   Data           1  key.o(.data)
    count_single                             0x20000058   Data           2  key.o(.data)
    Forever_count                            0x2000005a   Data           2  key.o(.data)
    flag_key                                 0x2000005c   Data           1  key.o(.data)
    Long_Press_count                         0x2000005e   Data           2  key.o(.data)
    Long_Press                               0x20000060   Data           2  key.o(.data)
    .data                                    0x20000064   Section       48  mpu6050.o(.data)
    gyro_orientation                         0x20000084   Data           9  mpu6050.o(.data)
    .data                                    0x20000094   Section        4  led.o(.data)
    temp                                     0x20000094   Data           4  led.o(.data)
    .data                                    0x20000098   Section       44  control.o(.data)
    Velocity                                 0x200000a4   Data           4  control.o(.data)
    Encoder_Least                            0x200000a8   Data           4  control.o(.data)
    Movement                                 0x200000ac   Data           4  control.o(.data)
    Encoder                                  0x200000b0   Data           4  control.o(.data)
    Encoder_Integral                         0x200000b4   Data           4  control.o(.data)
    Bias                                     0x200000b8   Data           4  control.o(.data)
    Pwm                                      0x200000bc   Data           4  control.o(.data)
    Last_bias                                0x200000c0   Data           4  control.o(.data)
    .data                                    0x200000c4   Section       44  inv_mpu.o(.data)
    st                                       0x200000c4   Data          44  inv_mpu.o(.data)
    .data                                    0x200000f0   Section        9  show.o(.data)
    flag                                     0x200000f8   Data           1  show.o(.data)
    .data                                    0x200000fc   Section        8  usartx.o(.data)
    Flag_PID                                 0x200000fd   Data           1  usartx.o(.data)
    i                                        0x200000fe   Data           1  usartx.o(.data)
    j                                        0x200000ff   Data           1  usartx.o(.data)
    Data                                     0x20000100   Data           4  usartx.o(.data)
    .bss                                     0x20000104   Section     1024  oled.o(.bss)
    .bss                                     0x20000504   Section      146  mpu6050.o(.bss)
    .bss                                     0x20000598   Section       16  inv_mpu_dmp_motion_driver.o(.bss)
    dmp                                      0x20000598   Data          16  inv_mpu_dmp_motion_driver.o(.bss)
    .bss                                     0x200005a8   Section       42  datascope_dp.o(.bss)
    .bss                                     0x200005d2   Section       50  usartx.o(.bss)
    Receive                                  0x200005d2   Data          50  usartx.o(.bss)
    .bss                                     0x20000604   Section       96  libspace.o(.bss)
    HEAP                                     0x20000668   Section      512  startup_stm32f10x_md.o(HEAP)
    Heap_Mem                                 0x20000668   Data         512  startup_stm32f10x_md.o(HEAP)
    STACK                                    0x20000868   Section     1024  startup_stm32f10x_md.o(STACK)
    Stack_Mem                                0x20000868   Data        1024  startup_stm32f10x_md.o(STACK)
    __initial_sp                             0x20000c68   Data           0  startup_stm32f10x_md.o(STACK)

    Global Symbols

    Symbol Name                              Value     Ov Type        Size  Object(Section)

    BuildAttributes$$THM_ISAv4$P$D$K$B$S$PE$A:L22UL41UL21$X:L11$S22US41US21$IEEE1$IW$USESV6$~STKCKD$USESV7$~SHL$OTIME$ROPI$IEEEX$EBA8$UX$STANDARDLIB$REQ8$PRES8$EABIv2 0x00000000   Number         0  anon$$obj.o ABSOLUTE
    __ARM_use_no_argv                        0x00000000   Number         0  bibot.o ABSOLUTE
    __ARM_exceptions_init                     - Undefined Weak Reference
    __alloca_initialize                       - Undefined Weak Reference
    __arm_preinit_                            - Undefined Weak Reference
    __cpp_initialize__aeabi_                  - Undefined Weak Reference
    __cxa_finalize                            - Undefined Weak Reference
    __rt_locale                               - Undefined Weak Reference
    __sigvec_lookup                           - Undefined Weak Reference
    _atexit_init                              - Undefined Weak Reference
    _call_atexit_fns                          - Undefined Weak Reference
    _clock_init                               - Undefined Weak Reference
    _fp_trap_init                             - Undefined Weak Reference
    _fp_trap_shutdown                         - Undefined Weak Reference
    _get_lc_collate                           - Undefined Weak Reference
    _get_lc_ctype                             - Undefined Weak Reference
    _get_lc_monetary                          - Undefined Weak Reference
    _get_lc_numeric                           - Undefined Weak Reference
    _get_lc_time                              - Undefined Weak Reference
    _getenv_init                              - Undefined Weak Reference
    _handle_redirection                       - Undefined Weak Reference
    _init_alloc                               - Undefined Weak Reference
    _init_user_alloc                          - Undefined Weak Reference
    _initio                                   - Undefined Weak Reference
    _mutex_acquire                            - Undefined Weak Reference
    _mutex_release                            - Undefined Weak Reference
    _printf_post_padding                      - Undefined Weak Reference
    _printf_pre_padding                       - Undefined Weak Reference
    _printf_truncate_signed                   - Undefined Weak Reference
    _printf_truncate_unsigned                 - Undefined Weak Reference
    _rand_init                                - Undefined Weak Reference
    _signal_finish                            - Undefined Weak Reference
    _signal_init                              - Undefined Weak Reference
    _terminate_alloc                          - Undefined Weak Reference
    _terminate_user_alloc                     - Undefined Weak Reference
    _terminateio                              - Undefined Weak Reference
    __Vectors_Size                           0x000000ec   Number         0  startup_stm32f10x_md.o ABSOLUTE
    __Vectors                                0x08000000   Data           4  startup_stm32f10x_md.o(RESET)
    __Vectors_End                            0x080000ec   Data           0  startup_stm32f10x_md.o(RESET)
    __main                                   0x080000ed   Thumb Code     8  __main.o(!!!main)
    __scatterload                            0x080000f5   Thumb Code     0  __scatter.o(!!!scatter)
    __scatterload_rt2                        0x080000f5   Thumb Code    44  __scatter.o(!!!scatter)
    __scatterload_rt2_thumb_only             0x080000f5   Thumb Code     0  __scatter.o(!!!scatter)
    __scatterload_null                       0x08000103   Thumb Code     0  __scatter.o(!!!scatter)
    __scatterload_copy                       0x08000129   Thumb Code    26  __scatter_copy.o(!!handler_copy)
    __scatterload_zeroinit                   0x08000145   Thumb Code    28  __scatter_zi.o(!!handler_zi)
    _printf_d                                0x08000161   Thumb Code     0  _printf_d.o(.ARM.Collect$$_printf_percent$$00000009)
    _printf_percent                          0x08000161   Thumb Code     0  _printf_percent.o(.ARM.Collect$$_printf_percent$$00000000)
    _printf_percent_end                      0x08000167   Thumb Code     0  _printf_percent_end.o(.ARM.Collect$$_printf_percent$$00000017)
    __rt_lib_init                            0x0800016b   Thumb Code     0  libinit.o(.ARM.Collect$$libinit$$00000000)
    __rt_lib_init_alloca_1                   0x0800016d   Thumb Code     0  libinit2.o(.ARM.Collect$$libinit$$0000002E)
    __rt_lib_init_argv_1                     0x0800016d   Thumb Code     0  libinit2.o(.ARM.Collect$$libinit$$0000002C)
    __rt_lib_init_atexit_1                   0x0800016d   Thumb Code     0  libinit2.o(.ARM.Collect$$libinit$$0000001B)
    __rt_lib_init_clock_1                    0x0800016d   Thumb Code     0  libinit2.o(.ARM.Collect$$libinit$$00000021)
    __rt_lib_init_cpp_1                      0x0800016d   Thumb Code     0  libinit2.o(.ARM.Collect$$libinit$$00000032)
    __rt_lib_init_exceptions_1               0x0800016d   Thumb Code     0  libinit2.o(.ARM.Collect$$libinit$$00000030)
    __rt_lib_init_fp_1                       0x0800016d   Thumb Code     0  libinit2.o(.ARM.Collect$$libinit$$00000002)
    __rt_lib_init_fp_trap_1                  0x0800016d   Thumb Code     0  libinit2.o(.ARM.Collect$$libinit$$0000001F)
    __rt_lib_init_getenv_1                   0x0800016d   Thumb Code     0  libinit2.o(.ARM.Collect$$libinit$$00000023)
    __rt_lib_init_heap_1                     0x0800016d   Thumb Code     0  libinit2.o(.ARM.Collect$$libinit$$0000000A)
    __rt_lib_init_lc_collate_1               0x0800016d   Thumb Code     0  libinit2.o(.ARM.Collect$$libinit$$00000011)
    __rt_lib_init_lc_ctype_1                 0x0800016d   Thumb Code     0  libinit2.o(.ARM.Collect$$libinit$$00000013)
    __rt_lib_init_lc_monetary_1              0x0800016d   Thumb Code     0  libinit2.o(.ARM.Collect$$libinit$$00000015)
    __rt_lib_init_lc_numeric_1               0x0800016d   Thumb Code     0  libinit2.o(.ARM.Collect$$libinit$$00000017)
    __rt_lib_init_lc_time_1                  0x0800016d   Thumb Code     0  libinit2.o(.ARM.Collect$$libinit$$00000019)
    __rt_lib_init_preinit_1                  0x0800016d   Thumb Code     0  libinit2.o(.ARM.Collect$$libinit$$00000004)
    __rt_lib_init_rand_1                     0x0800016d   Thumb Code     0  libinit2.o(.ARM.Collect$$libinit$$0000000E)
    __rt_lib_init_return                     0x0800016d   Thumb Code     0  libinit2.o(.ARM.Collect$$libinit$$00000033)
    __rt_lib_init_signal_1                   0x0800016d   Thumb Code     0  libinit2.o(.ARM.Collect$$libinit$$0000001D)
    __rt_lib_init_stdio_1                    0x0800016d   Thumb Code     0  libinit2.o(.ARM.Collect$$libinit$$00000025)
    __rt_lib_init_user_alloc_1               0x0800016d   Thumb Code     0  libinit2.o(.ARM.Collect$$libinit$$0000000C)
    __rt_lib_shutdown                        0x0800016f   Thumb Code     0  libshutdown.o(.ARM.Collect$$libshutdown$$00000000)
    __rt_lib_shutdown_cpp_1                  0x08000171   Thumb Code     0  libshutdown2.o(.ARM.Collect$$libshutdown$$00000002)
    __rt_lib_shutdown_fp_trap_1              0x08000171   Thumb Code     0  libshutdown2.o(.ARM.Collect$$libshutdown$$00000007)
    __rt_lib_shutdown_heap_1                 0x08000171   Thumb Code     0  libshutdown2.o(.ARM.Collect$$libshutdown$$0000000F)
    __rt_lib_shutdown_return                 0x08000171   Thumb Code     0  libshutdown2.o(.ARM.Collect$$libshutdown$$00000010)
    __rt_lib_shutdown_signal_1               0x08000171   Thumb Code     0  libshutdown2.o(.ARM.Collect$$libshutdown$$0000000A)
    __rt_lib_shutdown_stdio_1                0x08000171   Thumb Code     0  libshutdown2.o(.ARM.Collect$$libshutdown$$00000004)
    __rt_lib_shutdown_user_alloc_1           0x08000171   Thumb Code     0  libshutdown2.o(.ARM.Collect$$libshutdown$$0000000C)
    __rt_entry                               0x08000173   Thumb Code     0  __rtentry.o(.ARM.Collect$$rtentry$$00000000)
    __rt_entry_presh_1                       0x08000173   Thumb Code     0  __rtentry2.o(.ARM.Collect$$rtentry$$00000002)
    __rt_entry_sh                            0x08000173   Thumb Code     0  __rtentry4.o(.ARM.Collect$$rtentry$$00000004)
    __rt_entry_li                            0x08000179   Thumb Code     0  __rtentry2.o(.ARM.Collect$$rtentry$$0000000A)
    __rt_entry_postsh_1                      0x08000179   Thumb Code     0  __rtentry2.o(.ARM.Collect$$rtentry$$00000009)
    __rt_entry_main                          0x0800017d   Thumb Code     0  __rtentry2.o(.ARM.Collect$$rtentry$$0000000D)
    __rt_entry_postli_1                      0x0800017d   Thumb Code     0  __rtentry2.o(.ARM.Collect$$rtentry$$0000000C)
    __rt_exit                                0x08000185   Thumb Code     0  rtexit.o(.ARM.Collect$$rtexit$$00000000)
    __rt_exit_ls                             0x08000187   Thumb Code     0  rtexit2.o(.ARM.Collect$$rtexit$$00000003)
    __rt_exit_prels_1                        0x08000187   Thumb Code     0  rtexit2.o(.ARM.Collect$$rtexit$$00000002)
    __rt_exit_exit                           0x0800018b   Thumb Code     0  rtexit2.o(.ARM.Collect$$rtexit$$00000004)
    WFI_SET                                  0x08000191   Thumb Code     2  sys.o(.emb_text)
    INTX_DISABLE                             0x08000193   Thumb Code     2  sys.o(.emb_text)
    INTX_ENABLE                              0x08000195   Thumb Code     2  sys.o(.emb_text)
    MSR_MSP                                  0x08000197   Thumb Code     6  sys.o(.emb_text)
    Reset_Handler                            0x0800019d   Thumb Code     4  startup_stm32f10x_md.o(.text)
    NMI_Handler                              0x080001a1   Thumb Code     2  startup_stm32f10x_md.o(.text)
    HardFault_Handler                        0x080001a3   Thumb Code     2  startup_stm32f10x_md.o(.text)
    MemManage_Handler                        0x080001a5   Thumb Code     2  startup_stm32f10x_md.o(.text)
    BusFault_Handler                         0x080001a7   Thumb Code     2  startup_stm32f10x_md.o(.text)
    UsageFault_Handler                       0x080001a9   Thumb Code     2  startup_stm32f10x_md.o(.text)
    SVC_Handler                              0x080001ab   Thumb Code     2  startup_stm32f10x_md.o(.text)
    DebugMon_Handler                         0x080001ad   Thumb Code     2  startup_stm32f10x_md.o(.text)
    PendSV_Handler                           0x080001af   Thumb Code     2  startup_stm32f10x_md.o(.text)
    SysTick_Handler                          0x080001b1   Thumb Code     2  startup_stm32f10x_md.o(.text)
    ADC1_2_IRQHandler                        0x080001b3   Thumb Code     0  startup_stm32f10x_md.o(.text)
    CAN1_RX1_IRQHandler                      0x080001b3   Thumb Code     0  startup_stm32f10x_md.o(.text)
    CAN1_SCE_IRQHandler                      0x080001b3   Thumb Code     0  startup_stm32f10x_md.o(.text)
    DMA1_Channel1_IRQHandler                 0x080001b3   Thumb Code     0  startup_stm32f10x_md.o(.text)
    DMA1_Channel2_IRQHandler                 0x080001b3   Thumb Code     0  startup_stm32f10x_md.o(.text)
    DMA1_Channel3_IRQHandler                 0x080001b3   Thumb Code     0  startup_stm32f10x_md.o(.text)
    DMA1_Channel4_IRQHandler                 0x080001b3   Thumb Code     0  startup_stm32f10x_md.o(.text)
    DMA1_Channel5_IRQHandler                 0x080001b3   Thumb Code     0  startup_stm32f10x_md.o(.text)
    DMA1_Channel6_IRQHandler                 0x080001b3   Thumb Code     0  startup_stm32f10x_md.o(.text)
    DMA1_Channel7_IRQHandler                 0x080001b3   Thumb Code     0  startup_stm32f10x_md.o(.text)
    EXTI0_IRQHandler                         0x080001b3   Thumb Code     0  startup_stm32f10x_md.o(.text)
    EXTI1_IRQHandler                         0x080001b3   Thumb Code     0  startup_stm32f10x_md.o(.text)
    EXTI2_IRQHandler                         0x080001b3   Thumb Code     0  startup_stm32f10x_md.o(.text)
    EXTI3_IRQHandler                         0x080001b3   Thumb Code     0  startup_stm32f10x_md.o(.text)
    EXTI4_IRQHandler                         0x080001b3   Thumb Code     0  startup_stm32f10x_md.o(.text)
    EXTI9_5_IRQHandler                       0x080001b3   Thumb Code     0  startup_stm32f10x_md.o(.text)
    FLASH_IRQHandler                         0x080001b3   Thumb Code     0  startup_stm32f10x_md.o(.text)
    I2C1_ER_IRQHandler                       0x080001b3   Thumb Code     0  startup_stm32f10x_md.o(.text)
    I2C1_EV_IRQHandler                       0x080001b3   Thumb Code     0  startup_stm32f10x_md.o(.text)
    I2C2_ER_IRQHandler                       0x080001b3   Thumb Code     0  startup_stm32f10x_md.o(.text)
    I2C2_EV_IRQHandler                       0x080001b3   Thumb Code     0  startup_stm32f10x_md.o(.text)
    PVD_IRQHandler                           0x080001b3   Thumb Code     0  startup_stm32f10x_md.o(.text)
    RCC_IRQHandler                           0x080001b3   Thumb Code     0  startup_stm32f10x_md.o(.text)
    RTCAlarm_IRQHandler                      0x080001b3   Thumb Code     0  startup_stm32f10x_md.o(.text)
    RTC_IRQHandler                           0x080001b3   Thumb Code     0  startup_stm32f10x_md.o(.text)
    SPI1_IRQHandler                          0x080001b3   Thumb Code     0  startup_stm32f10x_md.o(.text)
    SPI2_IRQHandler                          0x080001b3   Thumb Code     0  startup_stm32f10x_md.o(.text)
    TAMPER_IRQHandler                        0x080001b3   Thumb Code     0  startup_stm32f10x_md.o(.text)
    TIM1_BRK_IRQHandler                      0x080001b3   Thumb Code     0  startup_stm32f10x_md.o(.text)
    TIM1_CC_IRQHandler                       0x080001b3   Thumb Code     0  startup_stm32f10x_md.o(.text)
    TIM1_TRG_COM_IRQHandler                  0x080001b3   Thumb Code     0  startup_stm32f10x_md.o(.text)
    TIM1_UP_IRQHandler                       0x080001b3   Thumb Code     0  startup_stm32f10x_md.o(.text)
    TIM4_IRQHandler                          0x080001b3   Thumb Code     0  startup_stm32f10x_md.o(.text)
    USART1_IRQHandler                        0x080001b3   Thumb Code     0  startup_stm32f10x_md.o(.text)
    USART3_IRQHandler                        0x080001b3   Thumb Code     0  startup_stm32f10x_md.o(.text)
    USBWakeUp_IRQHandler                     0x080001b3   Thumb Code     0  startup_stm32f10x_md.o(.text)
    USB_HP_CAN1_TX_IRQHandler                0x080001b3   Thumb Code     0  startup_stm32f10x_md.o(.text)
    USB_LP_CAN1_RX0_IRQHandler               0x080001b3   Thumb Code     0  startup_stm32f10x_md.o(.text)
    WWDG_IRQHandler                          0x080001b3   Thumb Code     0  startup_stm32f10x_md.o(.text)
    __user_initial_stackheap                 0x080001b5   Thumb Code     0  startup_stm32f10x_md.o(.text)
    main                                     0x080001d5   Thumb Code   142  bibot.o(.text)
    delay_init                               0x08000271   Thumb Code    56  delay.o(.text)
    delay_us                                 0x080002a9   Thumb Code    56  delay.o(.text)
    delay_ms                                 0x080002e1   Thumb Code    56  delay.o(.text)
    MY_NVIC_SetVectorTable                   0x08000321   Thumb Code    12  sys.o(.text)
    MY_NVIC_PriorityGroupConfig              0x0800032d   Thumb Code    36  sys.o(.text)
    MY_NVIC_Init                             0x08000351   Thumb Code   116  sys.o(.text)
    Ex_NVIC_Config                           0x080003c5   Thumb Code   146  sys.o(.text)
    MYRCC_DeInit                             0x08000457   Thumb Code    90  sys.o(.text)
    Sys_Standby                              0x080004b1   Thumb Code    68  sys.o(.text)
    Sys_Soft_Reset                           0x080004f5   Thumb Code    12  sys.o(.text)
    JTAG_Set                                 0x08000501   Thumb Code    42  sys.o(.text)
    Stm32_Clock_Init                         0x0800052b   Thumb Code   134  sys.o(.text)
    _sys_exit                                0x080005dd   Thumb Code     6  usart.o(.text)
    fputc                                    0x080005e3   Thumb Code    54  usart.o(.text)
    usart1_send                              0x08000619   Thumb Code    22  usart.o(.text)
    uart_init                                0x0800062f   Thumb Code   182  usart.o(.text)
    KEY_Init                                 0x080006fd   Thumb Code    52  key.o(.text)
    click_N_Double                           0x08000731   Thumb Code   184  key.o(.text)
    click                                    0x080007e9   Thumb Code    38  key.o(.text)
    Long_Press                               0x0800080f   Thumb Code    72  key.o(.text)
    OLED_WR_Byte                             0x08000885   Thumb Code    78  oled.o(.text)
    OLED_Refresh_Gram                        0x080008d3   Thumb Code    70  oled.o(.text)
    OLED_Display_On                          0x08000919   Thumb Code    28  oled.o(.text)
    OLED_Display_Off                         0x08000935   Thumb Code    28  oled.o(.text)
    OLED_Clear                               0x08000951   Thumb Code    42  oled.o(.text)
    OLED_DrawPoint                           0x0800097b   Thumb Code   100  oled.o(.text)
    OLED_ShowChar                            0x080009df   Thumb Code   158  oled.o(.text)
    oled_pow                                 0x08000a7d   Thumb Code    22  oled.o(.text)
    OLED_ShowNumber                          0x08000a93   Thumb Code   148  oled.o(.text)
    OLED_ShowString                          0x08000b27   Thumb Code    68  oled.o(.text)
    OLED_Init                                0x08000b6b   Thumb Code   348  oled.o(.text)
    MiniBalance_Motor_Init                   0x08000cc9   Thumb Code    98  motor.o(.text)
    MiniBalance_PWM_Init                     0x08000d2b   Thumb Code   302  motor.o(.text)
    Encoder_Init_TIM2                        0x08000e81   Thumb Code   176  encoder.o(.text)
    Encoder_Init_TIM3                        0x08000f31   Thumb Code   224  encoder.o(.text)
    Read_Encoder                             0x08001011   Thumb Code    74  encoder.o(.text)
    TIM2_IRQHandler                          0x0800105b   Thumb Code    24  encoder.o(.text)
    TIM3_IRQHandler                          0x08001073   Thumb Code    24  encoder.o(.text)
    EXTI_Init                                0x0800109d   Thumb Code    76  exti.o(.text)
    MPU6050_newValues                        0x080011fd   Thumb Code   494  mpu6050.o(.text)
    MPU6050_setClockSource                   0x080013eb   Thumb Code    20  mpu6050.o(.text)
    MPU6050_setFullScaleGyroRange            0x080013ff   Thumb Code    20  mpu6050.o(.text)
    MPU6050_setFullScaleAccelRange           0x08001413   Thumb Code    20  mpu6050.o(.text)
    MPU6050_setSleepEnabled                  0x08001427   Thumb Code    18  mpu6050.o(.text)
    MPU6050_getDeviceID                      0x08001439   Thumb Code    20  mpu6050.o(.text)
    MPU6050_testConnection                   0x0800144d   Thumb Code    18  mpu6050.o(.text)
    MPU6050_setI2CMasterModeEnabled          0x0800145f   Thumb Code    18  mpu6050.o(.text)
    MPU6050_setI2CBypassEnabled              0x08001471   Thumb Code    18  mpu6050.o(.text)
    MPU6050_initialize                       0x08001483   Thumb Code    40  mpu6050.o(.text)
    DMP_Init                                 0x080014ab   Thumb Code   206  mpu6050.o(.text)
    Read_DMP                                 0x08001579   Thumb Code   966  mpu6050.o(.text)
    Read_Temperature                         0x0800193f   Thumb Code   110  mpu6050.o(.text)
    LED_Init                                 0x080019dd   Thumb Code    52  led.o(.text)
    Led_Flash                                0x08001a11   Thumb Code    44  led.o(.text)
    myabs                                    0x08001a51   Thumb Code    16  control.o(.text)
    Set_Pwm                                  0x08001a61   Thumb Code   148  control.o(.text)
    Turn_Off                                 0x08001af5   Thumb Code   152  control.o(.text)
    Xianfu_Pwm                               0x08001b8d   Thumb Code   188  control.o(.text)
    Position_Control                         0x08001c49   Thumb Code   232  control.o(.text)
    Balance_Control                          0x08001d31   Thumb Code    68  control.o(.text)
    Walk_Control                             0x08001d75   Thumb Code    90  control.o(.text)
    Get_RC                                   0x08001dcf   Thumb Code   700  control.o(.text)
    Key                                      0x0800208b   Thumb Code    52  control.o(.text)
    EXTI15_10_IRQHandler                     0x080020bf   Thumb Code   450  control.o(.text)
    mpu_reg_dump                             0x0800239b   Thumb Code    72  inv_mpu.o(.text)
    mpu_read_reg                             0x080023e3   Thumb Code    66  inv_mpu.o(.text)
    mpu_set_int_latched                      0x08002425   Thumb Code   102  inv_mpu.o(.text)
    mpu_set_sensors                          0x0800248b   Thumb Code   202  inv_mpu.o(.text)
    mpu_set_bypass                           0x08002555   Thumb Code   328  inv_mpu.o(.text)
    mpu_reset_fifo                           0x0800269d   Thumb Code   444  inv_mpu.o(.text)
    mpu_configure_fifo                       0x08002859   Thumb Code   106  inv_mpu.o(.text)
    mpu_set_lpf                              0x080028c3   Thumb Code   126  inv_mpu.o(.text)
    mpu_lp_accel_mode                        0x08002941   Thumb Code   218  inv_mpu.o(.text)
    mpu_set_sample_rate                      0x08002a1b   Thumb Code   152  inv_mpu.o(.text)
    mpu_set_accel_fsr                        0x08002ab3   Thumb Code   132  inv_mpu.o(.text)
    mpu_set_gyro_fsr                         0x08002b37   Thumb Code   132  inv_mpu.o(.text)
    mpu_init                                 0x08002bbb   Thumb Code   416  inv_mpu.o(.text)
    myget_ms                                 0x08002d5b   Thumb Code     2  inv_mpu.o(.text)
    mpu_get_gyro_reg                         0x08002d5d   Thumb Code   110  inv_mpu.o(.text)
    mpu_get_accel_reg                        0x08002dcb   Thumb Code   110  inv_mpu.o(.text)
    mpu_get_temperature                      0x08002e39   Thumb Code   150  inv_mpu.o(.text)
    mpu_set_accel_bias                       0x08002ecf   Thumb Code   468  inv_mpu.o(.text)
    mpu_get_gyro_fsr                         0x080030a3   Thumb Code    64  inv_mpu.o(.text)
    mpu_get_accel_fsr                        0x080030e3   Thumb Code    72  inv_mpu.o(.text)
    mpu_get_lpf                              0x0800312b   Thumb Code    74  inv_mpu.o(.text)
    mpu_get_sample_rate                      0x08003175   Thumb Code    26  inv_mpu.o(.text)
    mpu_get_compass_sample_rate              0x0800318f   Thumb Code    10  inv_mpu.o(.text)
    mpu_set_compass_sample_rate              0x08003199   Thumb Code     8  inv_mpu.o(.text)
    mpu_get_gyro_sens                        0x080031a1   Thumb Code    58  inv_mpu.o(.text)
    mpu_get_accel_sens                       0x080031db   Thumb Code    78  inv_mpu.o(.text)
    mpu_get_fifo_config                      0x08003229   Thumb Code    12  inv_mpu.o(.text)
    mpu_get_power_state                      0x08003235   Thumb Code    22  inv_mpu.o(.text)
    mpu_get_int_status                       0x0800324b   Thumb Code    64  inv_mpu.o(.text)
    mpu_read_fifo                            0x0800328b   Thumb Code   520  inv_mpu.o(.text)
    mpu_read_fifo_stream                     0x08003493   Thumb Code   186  inv_mpu.o(.text)
    mpu_set_int_level                        0x0800354d   Thumb Code    12  inv_mpu.o(.text)
    mpu_set_dmp_state                        0x08003c2d   Thumb Code   138  inv_mpu.o(.text)
    mpu_run_self_test                        0x08003cb7   Thumb Code   278  inv_mpu.o(.text)
    mpu_write_mem                            0x08003dcd   Thumb Code   122  inv_mpu.o(.text)
    mpu_read_mem                             0x08003e47   Thumb Code   122  inv_mpu.o(.text)
    mpu_load_firmware                        0x08003ec1   Thumb Code   190  inv_mpu.o(.text)
    mpu_get_dmp_state                        0x08003f7f   Thumb Code    14  inv_mpu.o(.text)
    mpu_get_compass_reg                      0x08003f8d   Thumb Code     8  inv_mpu.o(.text)
    mpu_get_compass_fsr                      0x08003f95   Thumb Code     8  inv_mpu.o(.text)
    mpu_lp_motion_interrupt                  0x08003f9d   Thumb Code   512  inv_mpu.o(.text)
    dmp_load_motion_driver_firmware          0x080041a1   Thumb Code    20  inv_mpu_dmp_motion_driver.o(.text)
    dmp_set_orientation                      0x080041b5   Thumb Code   290  inv_mpu_dmp_motion_driver.o(.text)
    dmp_set_gyro_bias                        0x080042d7   Thumb Code   294  inv_mpu_dmp_motion_driver.o(.text)
    dmp_set_accel_bias                       0x080043fd   Thumb Code   300  inv_mpu_dmp_motion_driver.o(.text)
    dmp_set_fifo_rate                        0x08004529   Thumb Code   136  inv_mpu_dmp_motion_driver.o(.text)
    dmp_get_fifo_rate                        0x080045b1   Thumb Code    12  inv_mpu_dmp_motion_driver.o(.text)
    dmp_set_tap_thresh                       0x080045bd   Thumb Code   396  inv_mpu_dmp_motion_driver.o(.text)
    dmp_set_tap_axes                         0x08004749   Thumb Code    70  inv_mpu_dmp_motion_driver.o(.text)
    dmp_set_tap_count                        0x0800478f   Thumb Code    38  inv_mpu_dmp_motion_driver.o(.text)
    dmp_set_tap_time                         0x080047b5   Thumb Code    38  inv_mpu_dmp_motion_driver.o(.text)
    dmp_set_tap_time_multi                   0x080047db   Thumb Code    38  inv_mpu_dmp_motion_driver.o(.text)
    dmp_set_shake_reject_thresh              0x08004801   Thumb Code    56  inv_mpu_dmp_motion_driver.o(.text)
    dmp_set_shake_reject_time                0x08004839   Thumb Code    38  inv_mpu_dmp_motion_driver.o(.text)
    dmp_set_shake_reject_timeout             0x0800485f   Thumb Code    38  inv_mpu_dmp_motion_driver.o(.text)
    dmp_get_pedometer_step_count             0x08004885   Thumb Code    66  inv_mpu_dmp_motion_driver.o(.text)
    dmp_set_pedometer_step_count             0x080048c7   Thumb Code    42  inv_mpu_dmp_motion_driver.o(.text)
    dmp_get_pedometer_walk_time              0x080048f1   Thumb Code    72  inv_mpu_dmp_motion_driver.o(.text)
    dmp_set_pedometer_walk_time              0x08004939   Thumb Code    48  inv_mpu_dmp_motion_driver.o(.text)
    dmp_enable_6x_lp_quat                    0x08004969   Thumb Code    84  inv_mpu_dmp_motion_driver.o(.text)
    dmp_enable_lp_quat                       0x080049bd   Thumb Code    60  inv_mpu_dmp_motion_driver.o(.text)
    dmp_enable_gyro_cal                      0x080049f9   Thumb Code    62  inv_mpu_dmp_motion_driver.o(.text)
    dmp_enable_feature                       0x08004a37   Thumb Code   530  inv_mpu_dmp_motion_driver.o(.text)
    dmp_get_enabled_features                 0x08004c49   Thumb Code    12  inv_mpu_dmp_motion_driver.o(.text)
    dmp_set_interrupt_mode                   0x08004cb3   Thumb Code    66  inv_mpu_dmp_motion_driver.o(.text)
    dmp_read_fifo                            0x08004cf5   Thumb Code   514  inv_mpu_dmp_motion_driver.o(.text)
    dmp_register_tap_cb                      0x08004ef7   Thumb Code    10  inv_mpu_dmp_motion_driver.o(.text)
    dmp_register_android_orient_cb           0x08004f01   Thumb Code    10  inv_mpu_dmp_motion_driver.o(.text)
    oled_show                                0x08004f11   Thumb Code   662  show.o(.text)
    APP_Show                                 0x080051a7   Thumb Code   290  show.o(.text)
    DataScope                                0x080052c9   Thumb Code   348  show.o(.text)
    Float2Byte                               0x08005435   Thumb Code    28  datascope_dp.o(.text)
    DataScope_Get_Channel_Data               0x08005451   Thumb Code   158  datascope_dp.o(.text)
    DataScope_Data_Generate                  0x080054ef   Thumb Code   148  datascope_dp.o(.text)
    uart2_init                               0x08005589   Thumb Code   228  usartx.o(.text)
    USART2_IRQHandler                        0x0800566d   Thumb Code   438  usartx.o(.text)
    Adc_Init                                 0x08005875   Thumb Code   282  adc.o(.text)
    Get_Adc                                  0x0800598f   Thumb Code    68  adc.o(.text)
    Get_battery_volt                         0x080059d3   Thumb Code    90  adc.o(.text)
    IIC_Init                                 0x08005a51   Thumb Code    36  iic.o(.text)
    IIC_Start                                0x08005a75   Thumb Code    92  iic.o(.text)
    IIC_Stop                                 0x08005ad1   Thumb Code    64  iic.o(.text)
    IIC_Wait_Ack                             0x08005b11   Thumb Code    92  iic.o(.text)
    IIC_Ack                                  0x08005b6d   Thumb Code    68  iic.o(.text)
    IIC_NAck                                 0x08005bb1   Thumb Code    66  iic.o(.text)
    IIC_Send_Byte                            0x08005bf3   Thumb Code    90  iic.o(.text)
    i2cWrite                                 0x08005c4d   Thumb Code    96  iic.o(.text)
    IIC_Read_Byte                            0x08005cad   Thumb Code   100  iic.o(.text)
    i2cRead                                  0x08005d11   Thumb Code   118  iic.o(.text)
    I2C_ReadOneByte                          0x08005d87   Thumb Code    70  iic.o(.text)
    IICreadBytes                             0x08005dcd   Thumb Code   116  iic.o(.text)
    IICwriteBytes                            0x08005e41   Thumb Code    70  iic.o(.text)
    IICreadByte                              0x08005e87   Thumb Code    22  iic.o(.text)
    IICwriteByte                             0x08005e9d   Thumb Code    20  iic.o(.text)
    IICwriteBits                             0x08005eb1   Thumb Code   106  iic.o(.text)
    IICwriteBit                              0x08005f1b   Thumb Code    64  iic.o(.text)
    __use_no_semihosting                     0x08005f5b   Thumb Code     2  use_no_semi_2.o(.text)
    __aeabi_ldivmod                          0x08005f5d   Thumb Code     0  llsdiv.o(.text)
    _ll_sdiv                                 0x08005f5d   Thumb Code    72  llsdiv.o(.text)
    __2printf                                0x08005fa5   Thumb Code    20  noretval__2printf.o(.text)
    __printf                                 0x08005fbd   Thumb Code   104  __printf.o(.text)
    _printf_int_dec                          0x08006025   Thumb Code   104  _printf_dec.o(.text)
    memcmp                                   0x0800609d   Thumb Code    88  memcmp.o(.text)
    __aeabi_memset                           0x080060f5   Thumb Code    16  aeabi_memset.o(.text)
    __aeabi_memclr                           0x08006105   Thumb Code     0  rt_memclr.o(.text)
    __rt_memclr                              0x08006105   Thumb Code    68  rt_memclr.o(.text)
    _memset                                  0x08006109   Thumb Code     0  rt_memclr.o(.text)
    __use_two_region_memory                  0x08006149   Thumb Code     2  heapauxi.o(.text)
    __rt_heap_escrow$2region                 0x0800614b   Thumb Code     2  heapauxi.o(.text)
    __rt_heap_expand$2region                 0x0800614d   Thumb Code     2  heapauxi.o(.text)
    __I$use$semihosting                      0x0800614f   Thumb Code     0  use_no_semi.o(.text)
    __use_no_semihosting_swi                 0x0800614f   Thumb Code     2  use_no_semi.o(.text)
    __aeabi_uldivmod                         0x08006151   Thumb Code     0  lludivv7m.o(.text)
    _ll_udiv                                 0x08006151   Thumb Code   238  lludivv7m.o(.text)
    __read_errno                             0x0800623f   Thumb Code    10  _rserrno.o(.text)
    __set_errno                              0x08006249   Thumb Code    12  _rserrno.o(.text)
    _printf_int_common                       0x08006255   Thumb Code   178  _printf_intcommon.o(.text)
    _printf_char_file                        0x08006309   Thumb Code    32  _printf_char_file.o(.text)
    __aeabi_memclr4                          0x0800632d   Thumb Code     0  rt_memclr_w.o(.text)
    __aeabi_memclr8                          0x0800632d   Thumb Code     0  rt_memclr_w.o(.text)
    __rt_memclr_w                            0x0800632d   Thumb Code    78  rt_memclr_w.o(.text)
    _memset_w                                0x08006331   Thumb Code     0  rt_memclr_w.o(.text)
    __aeabi_errno_addr                       0x0800637d   Thumb Code     8  rt_errno_addr_intlibspace.o(.text)
    __errno$intlibspace                      0x0800637d   Thumb Code     0  rt_errno_addr_intlibspace.o(.text)
    __rt_errno_addr$intlibspace              0x0800637d   Thumb Code     0  rt_errno_addr_intlibspace.o(.text)
    _printf_char_common                      0x0800638f   Thumb Code    32  _printf_char_common.o(.text)
    ferror                                   0x080063b5   Thumb Code     8  ferror.o(.text)
    __user_libspace                          0x080063bd   Thumb Code     8  libspace.o(.text)
    __user_perproc_libspace                  0x080063bd   Thumb Code     0  libspace.o(.text)
    __user_perthread_libspace                0x080063bd   Thumb Code     0  libspace.o(.text)
    __user_setup_stackheap                   0x080063c5   Thumb Code    74  sys_stackheap_outer.o(.text)
    exit                                     0x0800640f   Thumb Code    18  exit.o(.text)
    __ARM_fpclassify                         0x08006421   Thumb Code    40  fpclassify.o(i.__ARM_fpclassify)
    __kernel_poly                            0x08006449   Thumb Code   170  poly.o(i.__kernel_poly)
    __mathlib_dbl_divzero                    0x080064f5   Thumb Code    12  dunder.o(i.__mathlib_dbl_divzero)
    __mathlib_dbl_infnan                     0x08006505   Thumb Code     6  dunder.o(i.__mathlib_dbl_infnan)
    __mathlib_dbl_infnan2                    0x0800650b   Thumb Code     4  dunder.o(i.__mathlib_dbl_infnan2)
    __mathlib_dbl_invalid                    0x0800650f   Thumb Code    12  dunder.o(i.__mathlib_dbl_invalid)
    __mathlib_dbl_overflow                   0x0800651b   Thumb Code    14  dunder.o(i.__mathlib_dbl_overflow)
    __mathlib_dbl_underflow                  0x08006529   Thumb Code    10  dunder.o(i.__mathlib_dbl_underflow)
    asin                                     0x08006539   Thumb Code   572  asin.o(i.asin)
    atan                                     0x080067a9   Thumb Code   474  atan.o(i.atan)
    atan2                                    0x080069c9   Thumb Code   346  atan2.o(i.atan2)
    pow                                      0x08006b49   Thumb Code  2512  pow.o(i.pow)
    sqrt                                     0x08007521   Thumb Code    76  sqrt.o(i.sqrt)
    __aeabi_d2f                              0x0800756d   Thumb Code     0  d2f.o(x$fpl$d2f)
    _d2f                                     0x0800756d   Thumb Code    98  d2f.o(x$fpl$d2f)
    __aeabi_dadd                             0x080075d1   Thumb Code     0  daddsub_clz.o(x$fpl$dadd)
    _dadd                                    0x080075d1   Thumb Code   332  daddsub_clz.o(x$fpl$dadd)
    __fpl_dcheck_NaN1                        0x08007721   Thumb Code    10  dcheck1.o(x$fpl$dcheck1)
    __fpl_dcmp_Inf                           0x08007731   Thumb Code    24  dcmpi.o(x$fpl$dcmpinf)
    __aeabi_ddiv                             0x08007749   Thumb Code     0  ddiv.o(x$fpl$ddiv)
    _ddiv                                    0x08007749   Thumb Code   552  ddiv.o(x$fpl$ddiv)
    __aeabi_d2iz                             0x080079f9   Thumb Code     0  dfix.o(x$fpl$dfix)
    _dfix                                    0x080079f9   Thumb Code    94  dfix.o(x$fpl$dfix)
    __aeabi_i2d                              0x08007a57   Thumb Code     0  dflt_clz.o(x$fpl$dflt)
    _dflt                                    0x08007a57   Thumb Code    46  dflt_clz.o(x$fpl$dflt)
    __aeabi_ui2d                             0x08007a85   Thumb Code     0  dflt_clz.o(x$fpl$dfltu)
    _dfltu                                   0x08007a85   Thumb Code    38  dflt_clz.o(x$fpl$dfltu)
    __aeabi_cdcmple                          0x08007aad   Thumb Code     0  dleqf.o(x$fpl$dleqf)
    _dcmple                                  0x08007aad   Thumb Code   120  dleqf.o(x$fpl$dleqf)
    __fpl_dcmple_InfNaN                      0x08007b0f   Thumb Code     0  dleqf.o(x$fpl$dleqf)
    __aeabi_dmul                             0x08007b25   Thumb Code     0  dmul.o(x$fpl$dmul)
    _dmul                                    0x08007b25   Thumb Code   332  dmul.o(x$fpl$dmul)
    __fpl_dnaninf                            0x08007c79   Thumb Code   156  dnaninf.o(x$fpl$dnaninf)
    __fpl_dretinf                            0x08007d15   Thumb Code    12  dretinf.o(x$fpl$dretinf)
    __aeabi_cdrcmple                         0x08007d21   Thumb Code     0  drleqf.o(x$fpl$drleqf)
    _drcmple                                 0x08007d21   Thumb Code   108  drleqf.o(x$fpl$drleqf)
    __aeabi_drsub                            0x08007d8d   Thumb Code     0  daddsub_clz.o(x$fpl$drsb)
    _drsb                                    0x08007d8d   Thumb Code    22  daddsub_clz.o(x$fpl$drsb)
    _dsqrt                                   0x08007da5   Thumb Code   456  dsqrt_noumaal.o(x$fpl$dsqrt)
    __aeabi_dsub                             0x08007f71   Thumb Code     0  daddsub_clz.o(x$fpl$dsub)
    _dsub                                    0x08007f71   Thumb Code   464  daddsub_clz.o(x$fpl$dsub)
    __aeabi_f2d                              0x08008145   Thumb Code     0  f2d.o(x$fpl$f2d)
    _f2d                                     0x08008145   Thumb Code    86  f2d.o(x$fpl$f2d)
    __aeabi_fadd                             0x0800819d   Thumb Code     0  faddsub_clz.o(x$fpl$fadd)
    _fadd                                    0x0800819d   Thumb Code   196  faddsub_clz.o(x$fpl$fadd)
    __fpl_fcmp_Inf                           0x08008261   Thumb Code    24  fcmpi.o(x$fpl$fcmpinf)
    __aeabi_fdiv                             0x08008279   Thumb Code     0  fdiv.o(x$fpl$fdiv)
    _fdiv                                    0x08008279   Thumb Code   384  fdiv.o(x$fpl$fdiv)
    __aeabi_cfcmpeq                          0x080083fd   Thumb Code     0  feqf.o(x$fpl$feqf)
    _fcmpeq                                  0x080083fd   Thumb Code   104  feqf.o(x$fpl$feqf)
    __aeabi_f2iz                             0x08008465   Thumb Code     0  ffix.o(x$fpl$ffix)
    _ffix                                    0x08008465   Thumb Code    54  ffix.o(x$fpl$ffix)
    __aeabi_f2uiz                            0x0800849d   Thumb Code     0  ffixu.o(x$fpl$ffixu)
    _ffixu                                   0x0800849d   Thumb Code    62  ffixu.o(x$fpl$ffixu)
    __aeabi_i2f                              0x080084dd   Thumb Code     0  fflt_clz.o(x$fpl$fflt)
    _fflt                                    0x080084dd   Thumb Code    48  fflt_clz.o(x$fpl$fflt)
    __aeabi_ui2f                             0x0800850d   Thumb Code     0  fflt_clz.o(x$fpl$ffltu)
    _ffltu                                   0x0800850d   Thumb Code    38  fflt_clz.o(x$fpl$ffltu)
    __aeabi_cfcmple                          0x08008535   Thumb Code     0  fleqf.o(x$fpl$fleqf)
    _fcmple                                  0x08008535   Thumb Code   104  fleqf.o(x$fpl$fleqf)
    __fpl_fcmple_InfNaN                      0x08008587   Thumb Code     0  fleqf.o(x$fpl$fleqf)
    __aeabi_fmul                             0x0800859d   Thumb Code     0  fmul.o(x$fpl$fmul)
    _fmul                                    0x0800859d   Thumb Code   258  fmul.o(x$fpl$fmul)
    __fpl_fnaninf                            0x0800869f   Thumb Code   140  fnaninf.o(x$fpl$fnaninf)
    __fpl_fretinf                            0x0800872b   Thumb Code    10  fretinf.o(x$fpl$fretinf)
    __aeabi_cfrcmple                         0x08008735   Thumb Code     0  frleqf.o(x$fpl$frleqf)
    _frcmple                                 0x08008735   Thumb Code    98  frleqf.o(x$fpl$frleqf)
    __aeabi_frsub                            0x08008797   Thumb Code     0  faddsub_clz.o(x$fpl$frsb)
    _frsb                                    0x08008797   Thumb Code    20  faddsub_clz.o(x$fpl$frsb)
    __aeabi_fsub                             0x080087ad   Thumb Code     0  faddsub_clz.o(x$fpl$fsub)
    _fsub                                    0x080087ad   Thumb Code   234  faddsub_clz.o(x$fpl$fsub)
    __fpl_return_NaN                         0x08008897   Thumb Code   100  retnan.o(x$fpl$retnan)
    __ARM_scalbn                             0x080088fb   Thumb Code    92  scalbn.o(x$fpl$scalbn)
    __fpl_cmpreturn                          0x08008957   Thumb Code    48  trapv.o(x$fpl$trapveneer)
    __I$use$fp                               0x08008986   Number         0  usenofp.o(x$fpl$usenofp)
    oled_asc2_1206                           0x08008986   Data        1140  oled.o(.constdata)
    oled_asc2_1608                           0x08008dfa   Data        1520  oled.o(.constdata)
    hw                                       0x080093ec   Data          12  inv_mpu.o(.constdata)
    reg                                      0x080093f8   Data          27  inv_mpu.o(.constdata)
    test                                     0x08009414   Data          40  inv_mpu.o(.constdata)
    __mathlib_zero                           0x0800a1a8   Data           8  qnan.o(.constdata)
    Region$$Table$$Base                      0x0800a200   Number         0  anon$$obj.o(Region$$Table)
    Region$$Table$$Limit                     0x0800a220   Number         0  anon$$obj.o(Region$$Table)
    Flag_Stop                                0x20000000   Data           1  bibot.o(.data)
    Flag_Show                                0x20000001   Data           1  bibot.o(.data)
    Flag_Direction                           0x20000002   Data           1  bibot.o(.data)
    Encoder_Balance                          0x20000004   Data           4  bibot.o(.data)
    Encoder_Walk                             0x20000008   Data           4  bibot.o(.data)
    Target_Walk                              0x2000000c   Data           4  bibot.o(.data)
    Motor_Balance                            0x20000010   Data           4  bibot.o(.data)
    Motor_Walk                               0x20000014   Data           4  bibot.o(.data)
    Motor_Turn                               0x20000018   Data           4  bibot.o(.data)
    Velocity                                 0x2000001c   Data           4  bibot.o(.data)
    Voltage                                  0x20000020   Data           4  bibot.o(.data)
    delay_50                                 0x20000024   Data           1  bibot.o(.data)
    delay_flag                               0x20000025   Data           1  bibot.o(.data)
    PID_Send                                 0x20000026   Data           1  bibot.o(.data)
    Pitch                                    0x20000028   Data           4  bibot.o(.data)
    Roll                                     0x2000002c   Data           4  bibot.o(.data)
    Yaw                                      0x20000030   Data           4  bibot.o(.data)
    Balance_KP                               0x20000034   Data           4  bibot.o(.data)
    Balance_KD                               0x20000038   Data           4  bibot.o(.data)
    Position_KP                              0x2000003c   Data           4  bibot.o(.data)
    Position_KI                              0x20000040   Data           4  bibot.o(.data)
    Adjust                                   0x20000044   Data           4  bibot.o(.data)
    Middle                                   0x20000048   Data           4  bibot.o(.data)
    __stdout                                 0x20000050   Data           4  usart.o(.data)
    gyro                                     0x20000064   Data           6  mpu6050.o(.data)
    accel                                    0x2000006a   Data           6  mpu6050.o(.data)
    sensors                                  0x20000070   Data           2  mpu6050.o(.data)
    q0                                       0x20000074   Data           4  mpu6050.o(.data)
    q1                                       0x20000078   Data           4  mpu6050.o(.data)
    q2                                       0x2000007c   Data           4  mpu6050.o(.data)
    q3                                       0x20000080   Data           4  mpu6050.o(.data)
    Gx_offset                                0x2000008e   Data           2  mpu6050.o(.data)
    Gy_offset                                0x20000090   Data           2  mpu6050.o(.data)
    Gz_offset                                0x20000092   Data           2  mpu6050.o(.data)
    Flag_Target                              0x20000098   Data           1  control.o(.data)
    temp1                                    0x20000099   Data           1  control.o(.data)
    Voltage_Count                            0x2000009c   Data           4  control.o(.data)
    Voltage_All                              0x200000a0   Data           4  control.o(.data)
    i                                        0x200000f0   Data           1  show.o(.data)
    Send_Count                               0x200000f1   Data           1  show.o(.data)
    Vol                                      0x200000f4   Data           4  show.o(.data)
    uart_receive                             0x200000fc   Data           1  usartx.o(.data)
    OLED_GRAM                                0x20000104   Data        1024  oled.o(.bss)
    buffer                                   0x20000504   Data          14  mpu6050.o(.bss)
    MPU6050_FIFO                             0x20000512   Data         132  mpu6050.o(.bss)
    DataScope_OutPut_Buffer                  0x200005a8   Data          42  datascope_dp.o(.bss)
    __libspace_start                         0x20000604   Data          96  libspace.o(.bss)
    __temporary_stack_top$libspace           0x20000664   Data           0  libspace.o(.bss)



==============================================================================

Memory Map of the image

  Image Entry point : 0x080000ed

  Load Region LR_IROM1 (Base: 0x08000000, Size: 0x0000a324, Max: 0x00010000, ABSOLUTE)

    Execution Region ER_IROM1 (Exec base: 0x08000000, Load base: 0x08000000, Size: 0x0000a220, Max: 0x00010000, ABSOLUTE)

    Exec Addr    Load Addr    Size         Type   Attr      Idx    E Section Name        Object

    0x08000000   0x08000000   0x000000ec   Data   RO            3    RESET               startup_stm32f10x_md.o
    0x080000ec   0x080000ec   0x00000008   Code   RO          488  * !!!main             c_w.l(__main.o)
    0x080000f4   0x080000f4   0x00000034   Code   RO          827    !!!scatter          c_w.l(__scatter.o)
    0x08000128   0x08000128   0x0000001a   Code   RO          829    !!handler_copy      c_w.l(__scatter_copy.o)
    0x08000142   0x08000142   0x00000002   PAD
    0x08000144   0x08000144   0x0000001c   Code   RO          831    !!handler_zi        c_w.l(__scatter_zi.o)
    0x08000160   0x08000160   0x00000000   Code   RO          479    .ARM.Collect$$_printf_percent$$00000000  c_w.l(_printf_percent.o)
    0x08000160   0x08000160   0x00000006   Code   RO          478    .ARM.Collect$$_printf_percent$$00000009  c_w.l(_printf_d.o)
    0x08000166   0x08000166   0x00000004   Code   RO          587    .ARM.Collect$$_printf_percent$$00000017  c_w.l(_printf_percent_end.o)
    0x0800016a   0x0800016a   0x00000002   Code   RO          694    .ARM.Collect$$libinit$$00000000  c_w.l(libinit.o)
    0x0800016c   0x0800016c   0x00000000   Code   RO          706    .ARM.Collect$$libinit$$00000002  c_w.l(libinit2.o)
    0x0800016c   0x0800016c   0x00000000   Code   RO          708    .ARM.Collect$$libinit$$00000004  c_w.l(libinit2.o)
    0x0800016c   0x0800016c   0x00000000   Code   RO          711    .ARM.Collect$$libinit$$0000000A  c_w.l(libinit2.o)
    0x0800016c   0x0800016c   0x00000000   Code   RO          713    .ARM.Collect$$libinit$$0000000C  c_w.l(libinit2.o)
    0x0800016c   0x0800016c   0x00000000   Code   RO          715    .ARM.Collect$$libinit$$0000000E  c_w.l(libinit2.o)
    0x0800016c   0x0800016c   0x00000000   Code   RO          718    .ARM.Collect$$libinit$$00000011  c_w.l(libinit2.o)
    0x0800016c   0x0800016c   0x00000000   Code   RO          720    .ARM.Collect$$libinit$$00000013  c_w.l(libinit2.o)
    0x0800016c   0x0800016c   0x00000000   Code   RO          722    .ARM.Collect$$libinit$$00000015  c_w.l(libinit2.o)
    0x0800016c   0x0800016c   0x00000000   Code   RO          724    .ARM.Collect$$libinit$$00000017  c_w.l(libinit2.o)
    0x0800016c   0x0800016c   0x00000000   Code   RO          726    .ARM.Collect$$libinit$$00000019  c_w.l(libinit2.o)
    0x0800016c   0x0800016c   0x00000000   Code   RO          728    .ARM.Collect$$libinit$$0000001B  c_w.l(libinit2.o)
    0x0800016c   0x0800016c   0x00000000   Code   RO          730    .ARM.Collect$$libinit$$0000001D  c_w.l(libinit2.o)
    0x0800016c   0x0800016c   0x00000000   Code   RO          732    .ARM.Collect$$libinit$$0000001F  c_w.l(libinit2.o)
    0x0800016c   0x0800016c   0x00000000   Code   RO          734    .ARM.Collect$$libinit$$00000021  c_w.l(libinit2.o)
    0x0800016c   0x0800016c   0x00000000   Code   RO          736    .ARM.Collect$$libinit$$00000023  c_w.l(libinit2.o)
    0x0800016c   0x0800016c   0x00000000   Code   RO          738    .ARM.Collect$$libinit$$00000025  c_w.l(libinit2.o)
    0x0800016c   0x0800016c   0x00000000   Code   RO          742    .ARM.Collect$$libinit$$0000002C  c_w.l(libinit2.o)
    0x0800016c   0x0800016c   0x00000000   Code   RO          744    .ARM.Collect$$libinit$$0000002E  c_w.l(libinit2.o)
    0x0800016c   0x0800016c   0x00000000   Code   RO          746    .ARM.Collect$$libinit$$00000030  c_w.l(libinit2.o)
    0x0800016c   0x0800016c   0x00000000   Code   RO          748    .ARM.Collect$$libinit$$00000032  c_w.l(libinit2.o)
    0x0800016c   0x0800016c   0x00000002   Code   RO          749    .ARM.Collect$$libinit$$00000033  c_w.l(libinit2.o)
    0x0800016e   0x0800016e   0x00000002   Code   RO          779    .ARM.Collect$$libshutdown$$00000000  c_w.l(libshutdown.o)
    0x08000170   0x08000170   0x00000000   Code   RO          793    .ARM.Collect$$libshutdown$$00000002  c_w.l(libshutdown2.o)
    0x08000170   0x08000170   0x00000000   Code   RO          795    .ARM.Collect$$libshutdown$$00000004  c_w.l(libshutdown2.o)
    0x08000170   0x08000170   0x00000000   Code   RO          798    .ARM.Collect$$libshutdown$$00000007  c_w.l(libshutdown2.o)
    0x08000170   0x08000170   0x00000000   Code   RO          801    .ARM.Collect$$libshutdown$$0000000A  c_w.l(libshutdown2.o)
    0x08000170   0x08000170   0x00000000   Code   RO          803    .ARM.Collect$$libshutdown$$0000000C  c_w.l(libshutdown2.o)
    0x08000170   0x08000170   0x00000000   Code   RO          806    .ARM.Collect$$libshutdown$$0000000F  c_w.l(libshutdown2.o)
    0x08000170   0x08000170   0x00000002   Code   RO          807    .ARM.Collect$$libshutdown$$00000010  c_w.l(libshutdown2.o)
    0x08000172   0x08000172   0x00000000   Code   RO          578    .ARM.Collect$$rtentry$$00000000  c_w.l(__rtentry.o)
    0x08000172   0x08000172   0x00000000   Code   RO          643    .ARM.Collect$$rtentry$$00000002  c_w.l(__rtentry2.o)
    0x08000172   0x08000172   0x00000006   Code   RO          655    .ARM.Collect$$rtentry$$00000004  c_w.l(__rtentry4.o)
    0x08000178   0x08000178   0x00000000   Code   RO          645    .ARM.Collect$$rtentry$$00000009  c_w.l(__rtentry2.o)
    0x08000178   0x08000178   0x00000004   Code   RO          646    .ARM.Collect$$rtentry$$0000000A  c_w.l(__rtentry2.o)
    0x0800017c   0x0800017c   0x00000000   Code   RO          648    .ARM.Collect$$rtentry$$0000000C  c_w.l(__rtentry2.o)
    0x0800017c   0x0800017c   0x00000008   Code   RO          649    .ARM.Collect$$rtentry$$0000000D  c_w.l(__rtentry2.o)
    0x08000184   0x08000184   0x00000002   Code   RO          699    .ARM.Collect$$rtexit$$00000000  c_w.l(rtexit.o)
    0x08000186   0x08000186   0x00000000   Code   RO          753    .ARM.Collect$$rtexit$$00000002  c_w.l(rtexit2.o)
    0x08000186   0x08000186   0x00000004   Code   RO          754    .ARM.Collect$$rtexit$$00000003  c_w.l(rtexit2.o)
    0x0800018a   0x0800018a   0x00000006   Code   RO          755    .ARM.Collect$$rtexit$$00000004  c_w.l(rtexit2.o)
    0x08000190   0x08000190   0x0000000c   Code   RO          135    .emb_text           sys.o
    0x0800019c   0x0800019c   0x00000038   Code   RO            4    .text               startup_stm32f10x_md.o
    0x080001d4   0x080001d4   0x0000009c   Code   RO           10    .text               bibot.o
    0x08000270   0x08000270   0x000000b0   Code   RO          117    .text               delay.o
    0x08000320   0x08000320   0x000002bc   Code   RO          136    .text               sys.o
    0x080005dc   0x080005dc   0x00000120   Code   RO          151    .text               usart.o
    0x080006fc   0x080006fc   0x00000188   Code   RO          176    .text               key.o
    0x08000884   0x08000884   0x00000442   Code   RO          189    .text               oled.o
    0x08000cc6   0x08000cc6   0x00000002   PAD
    0x08000cc8   0x08000cc8   0x000001b8   Code   RO          208    .text               motor.o
    0x08000e80   0x08000e80   0x0000021c   Code   RO          220    .text               encoder.o
    0x0800109c   0x0800109c   0x00000054   Code   RO          232    .text               exti.o
    0x080010f0   0x080010f0   0x000008ec   Code   RO          247    .text               mpu6050.o
    0x080019dc   0x080019dc   0x00000074   Code   RO          271    .text               led.o
    0x08001a50   0x08001a50   0x000008c0   Code   RO          287    .text               control.o
    0x08002310   0x08002310   0x00001e90   Code   RO          310    .text               inv_mpu.o
    0x080041a0   0x080041a0   0x00000d70   Code   RO          334    .text               inv_mpu_dmp_motion_driver.o
    0x08004f10   0x08004f10   0x00000524   Code   RO          368    .text               show.o
    0x08005434   0x08005434   0x00000154   Code   RO          383    .text               datascope_dp.o
    0x08005588   0x08005588   0x000002ec   Code   RO          401    .text               usartx.o
    0x08005874   0x08005874   0x000001dc   Code   RO          420    .text               adc.o
    0x08005a50   0x08005a50   0x0000050a   Code   RO          432    .text               iic.o
    0x08005f5a   0x08005f5a   0x00000002   Code   RO          446    .text               c_w.l(use_no_semi_2.o)
    0x08005f5c   0x08005f5c   0x00000048   Code   RO          448    .text               c_w.l(llsdiv.o)
    0x08005fa4   0x08005fa4   0x00000018   Code   RO          452    .text               c_w.l(noretval__2printf.o)
    0x08005fbc   0x08005fbc   0x00000068   Code   RO          454    .text               c_w.l(__printf.o)
    0x08006024   0x08006024   0x00000078   Code   RO          456    .text               c_w.l(_printf_dec.o)
    0x0800609c   0x0800609c   0x00000058   Code   RO          480    .text               c_w.l(memcmp.o)
    0x080060f4   0x080060f4   0x00000010   Code   RO          482    .text               c_w.l(aeabi_memset.o)
    0x08006104   0x08006104   0x00000044   Code   RO          484    .text               c_w.l(rt_memclr.o)
    0x08006148   0x08006148   0x00000006   Code   RO          486    .text               c_w.l(heapauxi.o)
    0x0800614e   0x0800614e   0x00000002   Code   RO          576    .text               c_w.l(use_no_semi.o)
    0x08006150   0x08006150   0x000000ee   Code   RO          579    .text               c_w.l(lludivv7m.o)
    0x0800623e   0x0800623e   0x00000016   Code   RO          581    .text               c_w.l(_rserrno.o)
    0x08006254   0x08006254   0x000000b2   Code   RO          583    .text               c_w.l(_printf_intcommon.o)
    0x08006306   0x08006306   0x00000002   PAD
    0x08006308   0x08006308   0x00000024   Code   RO          585    .text               c_w.l(_printf_char_file.o)
    0x0800632c   0x0800632c   0x0000004e   Code   RO          588    .text               c_w.l(rt_memclr_w.o)
    0x0800637a   0x0800637a   0x00000002   PAD
    0x0800637c   0x0800637c   0x00000008   Code   RO          664    .text               c_w.l(rt_errno_addr_intlibspace.o)
    0x08006384   0x08006384   0x00000030   Code   RO          666    .text               c_w.l(_printf_char_common.o)
    0x080063b4   0x080063b4   0x00000008   Code   RO          668    .text               c_w.l(ferror.o)
    0x080063bc   0x080063bc   0x00000008   Code   RO          678    .text               c_w.l(libspace.o)
    0x080063c4   0x080063c4   0x0000004a   Code   RO          681    .text               c_w.l(sys_stackheap_outer.o)
    0x0800640e   0x0800640e   0x00000012   Code   RO          687    .text               c_w.l(exit.o)
    0x08006420   0x08006420   0x00000028   Code   RO          629    i.__ARM_fpclassify  m_ws.l(fpclassify.o)
    0x08006448   0x08006448   0x000000aa   Code   RO          631    i.__kernel_poly     m_ws.l(poly.o)
    0x080064f2   0x080064f2   0x00000002   PAD
    0x080064f4   0x080064f4   0x00000010   Code   RO          615    i.__mathlib_dbl_divzero  m_ws.l(dunder.o)
    0x08006504   0x08006504   0x00000006   Code   RO          616    i.__mathlib_dbl_infnan  m_ws.l(dunder.o)
    0x0800650a   0x0800650a   0x00000004   Code   RO          617    i.__mathlib_dbl_infnan2  m_ws.l(dunder.o)
    0x0800650e   0x0800650e   0x0000000c   Code   RO          618    i.__mathlib_dbl_invalid  m_ws.l(dunder.o)
    0x0800651a   0x0800651a   0x0000000e   Code   RO          619    i.__mathlib_dbl_overflow  m_ws.l(dunder.o)
    0x08006528   0x08006528   0x00000010   Code   RO          621    i.__mathlib_dbl_underflow  m_ws.l(dunder.o)
    0x08006538   0x08006538   0x00000270   Code   RO          549    i.asin              m_ws.l(asin.o)
    0x080067a8   0x080067a8   0x00000220   Code   RO          606    i.atan              m_ws.l(atan.o)
    0x080069c8   0x080069c8   0x00000180   Code   RO          559    i.atan2             m_ws.l(atan2.o)
    0x08006b48   0x08006b48   0x000009d8   Code   RO          567    i.pow               m_ws.l(pow.o)
    0x08007520   0x08007520   0x0000004c   Code   RO          635    i.sqrt              m_ws.l(sqrt.o)
    0x0800756c   0x0800756c   0x00000062   Code   RO          490    x$fpl$d2f           fz_ws.l(d2f.o)
    0x080075ce   0x080075ce   0x00000002   PAD
    0x080075d0   0x080075d0   0x00000150   Code   RO          492    x$fpl$dadd          fz_ws.l(daddsub_clz.o)
    0x08007720   0x08007720   0x00000010   Code   RO          672    x$fpl$dcheck1       fz_ws.l(dcheck1.o)
    0x08007730   0x08007730   0x00000018   Code   RO          695    x$fpl$dcmpinf       fz_ws.l(dcmpi.o)
    0x08007748   0x08007748   0x000002b0   Code   RO          499    x$fpl$ddiv          fz_ws.l(ddiv.o)
    0x080079f8   0x080079f8   0x0000005e   Code   RO          502    x$fpl$dfix          fz_ws.l(dfix.o)
    0x08007a56   0x08007a56   0x0000002e   Code   RO          507    x$fpl$dflt          fz_ws.l(dflt_clz.o)
    0x08007a84   0x08007a84   0x00000026   Code   RO          506    x$fpl$dfltu         fz_ws.l(dflt_clz.o)
    0x08007aaa   0x08007aaa   0x00000002   PAD
    0x08007aac   0x08007aac   0x00000078   Code   RO          674    x$fpl$dleqf         fz_ws.l(dleqf.o)
    0x08007b24   0x08007b24   0x00000154   Code   RO          512    x$fpl$dmul          fz_ws.l(dmul.o)
    0x08007c78   0x08007c78   0x0000009c   Code   RO          590    x$fpl$dnaninf       fz_ws.l(dnaninf.o)
    0x08007d14   0x08007d14   0x0000000c   Code   RO          592    x$fpl$dretinf       fz_ws.l(dretinf.o)
    0x08007d20   0x08007d20   0x0000006c   Code   RO          594    x$fpl$drleqf        fz_ws.l(drleqf.o)
    0x08007d8c   0x08007d8c   0x00000016   Code   RO          493    x$fpl$drsb          fz_ws.l(daddsub_clz.o)
    0x08007da2   0x08007da2   0x00000002   PAD
    0x08007da4   0x08007da4   0x000001cc   Code   RO          676    x$fpl$dsqrt         fz_ws.l(dsqrt_noumaal.o)
    0x08007f70   0x08007f70   0x000001d4   Code   RO          494    x$fpl$dsub          fz_ws.l(daddsub_clz.o)
    0x08008144   0x08008144   0x00000056   Code   RO          514    x$fpl$f2d           fz_ws.l(f2d.o)
    0x0800819a   0x0800819a   0x00000002   PAD
    0x0800819c   0x0800819c   0x000000c4   Code   RO          516    x$fpl$fadd          fz_ws.l(faddsub_clz.o)
    0x08008260   0x08008260   0x00000018   Code   RO          596    x$fpl$fcmpinf       fz_ws.l(fcmpi.o)
    0x08008278   0x08008278   0x00000184   Code   RO          523    x$fpl$fdiv          fz_ws.l(fdiv.o)
    0x080083fc   0x080083fc   0x00000068   Code   RO          526    x$fpl$feqf          fz_ws.l(feqf.o)
    0x08008464   0x08008464   0x00000036   Code   RO          528    x$fpl$ffix          fz_ws.l(ffix.o)
    0x0800849a   0x0800849a   0x00000002   PAD
    0x0800849c   0x0800849c   0x0000003e   Code   RO          532    x$fpl$ffixu         fz_ws.l(ffixu.o)
    0x080084da   0x080084da   0x00000002   PAD
    0x080084dc   0x080084dc   0x00000030   Code   RO          537    x$fpl$fflt          fz_ws.l(fflt_clz.o)
    0x0800850c   0x0800850c   0x00000026   Code   RO          536    x$fpl$ffltu         fz_ws.l(fflt_clz.o)
    0x08008532   0x08008532   0x00000002   PAD
    0x08008534   0x08008534   0x00000068   Code   RO          542    x$fpl$fleqf         fz_ws.l(fleqf.o)
    0x0800859c   0x0800859c   0x00000102   Code   RO          544    x$fpl$fmul          fz_ws.l(fmul.o)
    0x0800869e   0x0800869e   0x0000008c   Code   RO          598    x$fpl$fnaninf       fz_ws.l(fnaninf.o)
    0x0800872a   0x0800872a   0x0000000a   Code   RO          600    x$fpl$fretinf       fz_ws.l(fretinf.o)
    0x08008734   0x08008734   0x00000062   Code   RO          546    x$fpl$frleqf        fz_ws.l(frleqf.o)
    0x08008796   0x08008796   0x00000014   Code   RO          517    x$fpl$frsb          fz_ws.l(faddsub_clz.o)
    0x080087aa   0x080087aa   0x00000002   PAD
    0x080087ac   0x080087ac   0x000000ea   Code   RO          518    x$fpl$fsub          fz_ws.l(faddsub_clz.o)
    0x08008896   0x08008896   0x00000064   Code   RO          697    x$fpl$retnan        fz_ws.l(retnan.o)
    0x080088fa   0x080088fa   0x0000005c   Code   RO          602    x$fpl$scalbn        fz_ws.l(scalbn.o)
    0x08008956   0x08008956   0x00000030   Code   RO          750    x$fpl$trapveneer    fz_ws.l(trapv.o)
    0x08008986   0x08008986   0x00000000   Code   RO          604    x$fpl$usenofp       fz_ws.l(usenofp.o)
    0x08008986   0x08008986   0x00000a64   Data   RO          191    .constdata          oled.o
    0x080093ea   0x080093ea   0x00000002   PAD
    0x080093ec   0x080093ec   0x00000050   Data   RO          311    .constdata          inv_mpu.o
    0x0800943c   0x0800943c   0x00000bf6   Data   RO          336    .constdata          inv_mpu_dmp_motion_driver.o
    0x0800a032   0x0800a032   0x00000006   PAD
    0x0800a038   0x0800a038   0x00000050   Data   RO          550    .constdata          m_ws.l(asin.o)
    0x0800a088   0x0800a088   0x00000088   Data   RO          568    .constdata          m_ws.l(pow.o)
    0x0800a110   0x0800a110   0x00000098   Data   RO          607    .constdata          m_ws.l(atan.o)
    0x0800a1a8   0x0800a1a8   0x00000008   Data   RO          633    .constdata          m_ws.l(qnan.o)
    0x0800a1b0   0x0800a1b0   0x0000004e   Data   RO          312    .conststring        inv_mpu.o
    0x0800a1fe   0x0800a1fe   0x00000002   PAD
    0x0800a200   0x0800a200   0x00000020   Data   RO          825    Region$$Table       anon$$obj.o


    Execution Region RW_IRAM1 (Exec base: 0x20000000, Load base: 0x0800a220, Size: 0x00000c68, Max: 0x00005000, ABSOLUTE)

    Exec Addr    Load Addr    Size         Type   Attr      Idx    E Section Name        Object

    0x20000000   0x0800a220   0x0000004c   Data   RW           11    .data               bibot.o
    0x2000004c   0x0800a26c   0x00000004   Data   RW          118    .data               delay.o
    0x20000050   0x0800a270   0x00000004   Data   RW          152    .data               usart.o
    0x20000054   0x0800a274   0x0000000e   Data   RW          177    .data               key.o
    0x20000062   0x0800a282   0x00000002   PAD
    0x20000064   0x0800a284   0x00000030   Data   RW          249    .data               mpu6050.o
    0x20000094   0x0800a2b4   0x00000004   Data   RW          272    .data               led.o
    0x20000098   0x0800a2b8   0x0000002c   Data   RW          288    .data               control.o
    0x200000c4   0x0800a2e4   0x0000002c   Data   RW          313    .data               inv_mpu.o
    0x200000f0   0x0800a310   0x00000009   Data   RW          369    .data               show.o
    0x200000f9   0x0800a319   0x00000003   PAD
    0x200000fc   0x0800a31c   0x00000008   Data   RW          403    .data               usartx.o
    0x20000104        -       0x00000400   Zero   RW          190    .bss                oled.o
    0x20000504        -       0x00000092   Zero   RW          248    .bss                mpu6050.o
    0x20000596   0x0800a324   0x00000002   PAD
    0x20000598        -       0x00000010   Zero   RW          335    .bss                inv_mpu_dmp_motion_driver.o
    0x200005a8        -       0x0000002a   Zero   RW          384    .bss                datascope_dp.o
    0x200005d2        -       0x00000032   Zero   RW          402    .bss                usartx.o
    0x20000604        -       0x00000060   Zero   RW          679    .bss                c_w.l(libspace.o)
    0x20000664   0x0800a324   0x00000004   PAD
    0x20000668        -       0x00000200   Zero   RW            2    HEAP                startup_stm32f10x_md.o
    0x20000868        -       0x00000400   Zero   RW            1    STACK               startup_stm32f10x_md.o


==============================================================================

Image component sizes


      Code (inc. data)   RO Data    RW Data    ZI Data      Debug   Object Name

       476         36          0          0          0       1000   adc.o
       156         14          0         76          0     207738   bibot.o
      2240        314          0         44          0       3940   control.o
       340         30          0          0         42       1998   datascope_dp.o
       176          8          0          4          0       1039   delay.o
       540         18          0          0          0       1283   encoder.o
        84          8          0          0          0        460   exti.o
      1290         16          0          0          0       5746   iic.o
      7824        172        158         44          0      21571   inv_mpu.o
      3440        126       3062          0         16      15095   inv_mpu_dmp_motion_driver.o
       392         46          0         14          0       1351   key.o
       116         20          0          4          0        641   led.o
       440         40          0          0          0        742   motor.o
      2284        454          0         48        146      20799   mpu6050.o
      1090         46       2660          0       1024       4547   oled.o
      1316        252          0          9          0       1510   show.o
        56         22        236          0       1536        808   startup_stm32f10x_md.o
       712         44          0          0          0       2819   sys.o
       288         24          0          4          0       2970   usart.o
       748         92          0          8         50       1438   usartx.o

    ----------------------------------------------------------------------
     24010       1782       6158        260       2816     297495   Object Totals
         0          0         32          0          0          0   (incl. Generated)
         2          0         10          5          2          0   (incl. Padding)

    ----------------------------------------------------------------------

      Code (inc. data)   RO Data    RW Data    ZI Data      Debug   Library Member Name

         8          0          0          0          0         68   __main.o
       104          0          0          0          0         84   __printf.o
         0          0          0          0          0          0   __rtentry.o
        12          0          0          0          0          0   __rtentry2.o
         6          0          0          0          0          0   __rtentry4.o
        52          8          0          0          0          0   __scatter.o
        26          0          0          0          0          0   __scatter_copy.o
        28          0          0          0          0          0   __scatter_zi.o
        48          6          0          0          0         96   _printf_char_common.o
        36          4          0          0          0         80   _printf_char_file.o
         6          0          0          0          0          0   _printf_d.o
       120         16          0          0          0         92   _printf_dec.o
       178          0          0          0          0         88   _printf_intcommon.o
         0          0          0          0          0          0   _printf_percent.o
         4          0          0          0          0          0   _printf_percent_end.o
        22          0          0          0          0        100   _rserrno.o
        16          0          0          0          0         68   aeabi_memset.o
        18          0          0          0          0         80   exit.o
         8          0          0          0          0         68   ferror.o
         6          0          0          0          0        152   heapauxi.o
         2          0          0          0          0          0   libinit.o
         2          0          0          0          0          0   libinit2.o
         2          0          0          0          0          0   libshutdown.o
         2          0          0          0          0          0   libshutdown2.o
         8          4          0          0         96         68   libspace.o
        72          0          0          0          0         76   llsdiv.o
       238          0          0          0          0        100   lludivv7m.o
        88          0          0          0          0         76   memcmp.o
        24          4          0          0          0         84   noretval__2printf.o
         8          4          0          0          0         68   rt_errno_addr_intlibspace.o
        68          0          0          0          0         68   rt_memclr.o
        78          0          0          0          0         80   rt_memclr_w.o
         2          0          0          0          0          0   rtexit.o
        10          0          0          0          0          0   rtexit2.o
        74          0          0          0          0         80   sys_stackheap_outer.o
         2          0          0          0          0         68   use_no_semi.o
         2          0          0          0          0         68   use_no_semi_2.o
        98          4          0          0          0         92   d2f.o
       826         16          0          0          0        348   daddsub_clz.o
        16          4          0          0          0         68   dcheck1.o
        24          0          0          0          0         68   dcmpi.o
       688        140          0          0          0        208   ddiv.o
        94          4          0          0          0         92   dfix.o
        84          0          0          0          0        136   dflt_clz.o
       120          4          0          0          0         92   dleqf.o
       340         12          0          0          0        104   dmul.o
       156          4          0          0          0         92   dnaninf.o
        12          0          0          0          0         68   dretinf.o
       108          0          0          0          0         80   drleqf.o
       460         56          0          0          0        120   dsqrt_noumaal.o
        86          4          0          0          0         84   f2d.o
       450          8          0          0          0        236   faddsub_clz.o
        24          0          0          0          0         68   fcmpi.o
       388         76          0          0          0         96   fdiv.o
       104          4          0          0          0         84   feqf.o
        54          4          0          0          0         84   ffix.o
        62          4          0          0          0         84   ffixu.o
        86          0          0          0          0        136   fflt_clz.o
       104          4          0          0          0         84   fleqf.o
       258          4          0          0          0         84   fmul.o
       140          4          0          0          0         84   fnaninf.o
        10          0          0          0          0         68   fretinf.o
        98          0          0          0          0         68   frleqf.o
       100          0          0          0          0         68   retnan.o
        92          0          0          0          0         68   scalbn.o
        48          0          0          0          0         68   trapv.o
         0          0          0          0          0          0   usenofp.o
       624         52         80          0          0        168   asin.o
       544         70        152          0          0        124   atan.o
       384         38          0          0          0        144   atan2.o
        68         10          0          0          0        408   dunder.o
        40          0          0          0          0         68   fpclassify.o
       170          0          0          0          0         96   poly.o
      2520        190        136          0          0        324   pow.o
         0          0          8          0          0          0   qnan.o
        76          0          0          0          0         84   sqrt.o

    ----------------------------------------------------------------------
     10960        762        376          0        100       6260   Library Totals
        24          0          0          0          4          0   (incl. Padding)

    ----------------------------------------------------------------------

      Code (inc. data)   RO Data    RW Data    ZI Data      Debug   Library Name

      1380         46          0          0         96       1812   c_w.l
      5130        356          0          0          0       3032   fz_ws.l
      4426        360        376          0          0       1416   m_ws.l

    ----------------------------------------------------------------------
     10960        762        376          0        100       6260   Library Totals

    ----------------------------------------------------------------------

==============================================================================


      Code (inc. data)   RO Data    RW Data    ZI Data      Debug   

     34970       2544       6534        260       2916     298759   Grand Totals
     34970       2544       6534        260       2916     298759   ELF Image Totals
     34970       2544       6534        260          0          0   ROM Totals

==============================================================================

    Total RO  Size (Code + RO Data)                41504 (  40.53kB)
    Total RW  Size (RW Data + ZI Data)              3176 (   3.10kB)
    Total ROM Size (Code + RO Data + RW Data)      41764 (  40.79kB)

==============================================================================

