<html>
<body>
<pre>
<h1>µVision Build Log</h1>
<h2>Tool Versions:</h2>
IDE-Version: ¦ÌVision V5.30.0.0
Copyright (C) 2020 ARM Ltd and ARM Germany GmbH. All rights reserved.
License Information: 1 GAHO, 11, LIC=14HV2-9DSJ0-300NC-78QNT-NB0K4-C0ESP
 
Tool Versions:
Toolchain:       MDK-ARM Plus  Version: 5.30.0.0
Toolchain Path:  D:\Program Files\Keil_v5\ARM\ARMCC\Bin
C Compiler:      Armcc.exe V5.06 update 6 (build 750)
Assembler:       Armasm.exe V5.06 update 6 (build 750)
Linker/Locator:  ArmLink.exe V5.06 update 6 (build 750)
Library Manager: ArmAr.exe V5.06 update 6 (build 750)
Hex Converter:   FromElf.exe V5.06 update 6 (build 750)
CPU DLL:         SARMCM3.DLL V5.30.0.0
Dialog DLL:      DCM.DLL V1.17.3.0
Target DLL:      STLink\ST-LINKIII-KEIL_SWO.dll V3.0.7.0
Dialog DLL:      TCM.DLL V1.42.0.0
 
<h2>Project:</h2>
E:\Data\Self-balancing bicycle robot\1.Bibot Ô´Âë\USER\Bibot.uvproj
Project File Date:  02/19/2021

<h2>Output:</h2>
*** Using Compiler 'V5.06 update 6 (build 750)', folder: 'D:\Program Files\Keil_v5\ARM\ARMCC\Bin'
Rebuild target 'Target 1'
assembling startup_stm32f10x_md.s...
compiling usart.c...
compiling Bibot.c...
compiling key.c...
compiling delay.c...
compiling oled.c...
compiling sys.c...
compiling motor.c...
compiling encoder.c...
compiling MPU6050.c...
compiling exti.c...
compiling led.C...
compiling control.c...
..\BALANCE\CONTROL\control.c(148): warning:  #177-D: variable "tmp2"  was declared but never referenced
  	u8 tmp,tmp2;
..\BALANCE\CONTROL\control.c: 1 warning, 0 errors
compiling filter.c...
compiling DataScope_DP.C...
compiling inv_mpu_dmp_motion_driver.c...
compiling inv_mpu.c...
compiling usartx.c...
compiling show.c...
compiling adc.c...
compiling iic.c...
linking...
Program Size: Code=34970 RO-data=6534 RW-data=260 ZI-data=2916  
FromELF: creating hex file...
"..\OBJ\Bibot.axf" - 0 Error(s), 1 Warning(s).
Build Time Elapsed:  00:00:03
</pre>
</body>
</html>
